 Baronow23

 Timestamp is 5dedfcfd (Mon Dec 09 16:51:25 2019)

 Preferred load address is 10000000

 Start         Length     Name                   Class
 0001:00000000 00000100H .text$di                CODE
 0001:00000100 0001d6c6H .text$mn                CODE
 0001:0001d7d0 00002874H .text$x                 CODE
 0001:00020050 0000013fH .text$yd                CODE
 0002:00000000 000006b0H .idata$5                DATA
 0002:000006b0 00000004H .CRT$XCA                DATA
 0002:000006b4 00000008H .CRT$XCL                DATA
 0002:000006bc 0000001cH .CRT$XCU                DATA
 0002:000006d8 00000004H .CRT$XCZ                DATA
 0002:000006dc 00000004H .CRT$XIA                DATA
 0002:000006e0 00000004H .CRT$XIAA               DATA
 0002:000006e4 00000004H .CRT$XIC                DATA
 0002:000006e8 00000004H .CRT$XIZ                DATA
 0002:000006f0 000024c0H .rdata                  DATA
 0002:00002bb0 00000064H .rdata$debug            DATA
 0002:00002c14 00001174H .rdata$r                DATA
 0002:00003d90 00000280H .rdata$sxdata           DATA
 0002:00004010 00000004H .rtc$IAA                DATA
 0002:00004014 00000004H .rtc$IZZ                DATA
 0002:00004018 00000004H .rtc$TAA                DATA
 0002:0000401c 00000004H .rtc$TZZ                DATA
 0002:00004020 00002a20H .xdata$x                DATA
 0002:00006a40 00000000H ATL$__a                 DATA
 0002:00006a40 00000000H ATL$__z                 DATA
 0002:00006a40 00008ad8H .edata                  DATA
 0002:0000f518 0000017cH .idata$2                DATA
 0002:0000f694 00000014H .idata$3                DATA
 0002:0000f6a8 000006b0H .idata$4                DATA
 0002:0000fd58 000012c2H .idata$6                DATA
 0003:00000000 00000070H .data                   DATA
 0003:00000070 00001a3eH .data$r                 DATA
 0003:00001ab0 00001a94H .bss                    DATA
 0004:00000000 000000a0H .rsrc$01                DATA
 0004:000000a0 000004a0H .rsrc$02                DATA

  Address         Publics by Value              Rva+Base       Lib:Object

 0000:00000000       ___guard_fids_count        00000000     <absolute>
 0000:00000000       __except_list              00000000     <absolute>
 0000:00000000       ___guard_flags             00000000     <absolute>
 0000:00000000       ___guard_fids_table        00000000     <absolute>
 0000:000000a0       ___safe_se_handler_count   000000a0     <absolute>
 0000:00009876       __fltused                  00009876     <absolute>
 0000:00009876       __ldused                   00009876     <absolute>
 0000:00000000       ___ImageBase               10000000     <linker-defined>
 0001:00000100       ?GetMessageMap@CBaronow23App@@MBEPBUAFX_MSGMAP@@XZ 10001100 f   Baronow23.obj
 0001:00000110       ??_ECBaronow23App@@UAEPAXI@Z 10001110 f i * CIL library *:* CIL module *
 0001:00000110       ??_GCBaronow23App@@UAEPAXI@Z 10001110 f i Baronow23.obj
 0001:00000140       ?InitInstance@CBaronow23App@@UAEHXZ 10001140 f   Baronow23.obj
 0001:000001a0       ?ExitInstance@CBaronow23App@@MAEHXZ 100011a0 f   Baronow23.obj
 0001:000001c0       ?GetApplicationRecoveryPingInterval@CWinApp@@UAEKXZ 100011c0 f i Baronow23.obj
 0001:000001d0       ?GetApplicationRecoveryParameter@CWinApp@@UAEPAXXZ 100011d0 f i Baronow23.obj
 0001:000001d0       ?GetApplicationRestartFlags@CWinApp@@UAEKXZ 100011d0 f i Baronow23.obj
 0001:000001d0       ?_AfxInitManaged@@YAHXZ    100011d0 f i file.obj
 0001:000001e0       ?RestoreAutosavedFilesAtRestart@CWinApp@@UBEHXZ 100011e0 f i Baronow23.obj
 0001:000001f0       ?ReopenPreviousFilesAtRestart@CWinApp@@UBEHXZ 100011f0 f i Baronow23.obj
 0001:00000200       ?SupportsAutosaveAtInterval@CWinApp@@UBEHXZ 10001200 f i Baronow23.obj
 0001:00000210       ?SupportsAutosaveAtRestart@CWinApp@@UBEHXZ 10001210 f i Baronow23.obj
 0001:00000220       ?SupportsApplicationRecovery@CWinApp@@UBEHXZ 10001220 f i Baronow23.obj
 0001:00000230       ?SupportsRestartManager@CWinApp@@UBEHXZ 10001230 f i Baronow23.obj
 0001:00000240       ??$destroy@PAU?$_Tree_node@U?$pair@$$CBV?$CStringT@_WV?$StrTraitMFC_DLL@_WV?$ChTraitsCRT@_W@ATL@@@@@ATL@@U?$pair@II@std@@@std@@PAX@std@@@?$_Wrap_alloc@V?$allocator@U?$_Tree_node@U?$pair@$$CBV?$CStringT@_WV?$StrTraitMFC_DLL@_WV?$ChTraitsCRT@_W@ATL@@@@@ATL@@U?$pair@II@std@@@std@@PAX@std@@@std@@@std@@QAEXPAPAU?$_Tree_node@U?$pair@$$CBV?$CStringT@_WV?$StrTraitMFC_DLL@_WV?$ChTraitsCRT@_W@ATL@@@@@ATL@@U?$pair@II@std@@@std@@PAX@1@@Z 10001240 f i Logger.obj
 0001:00000240       ?OnDisposalMessage@MsgProcedure@helper@baro@@EAEXAAUtagMSG@@@Z 10001240 f i MsgThread.obj
 0001:00000240       ?Serialize@CObject@@UAEXAAVCArchive@@@Z 10001240 f i Baronow23.obj
 0001:00000240       ?Dump@CObject@@UBEXAAVCDumpContext@@@Z 10001240 f i Baronow23.obj
 0001:00000250       ??1StreamHeader@baro@@QAE@XZ 10001250 f i Stream.obj
 0001:00000250       ?OnPreDestoryProcWindow@MsgProcedure@helper@baro@@EAEXXZ 10001250 f i MsgThread.obj
 0001:00000250       ?OnReleaseInstance@MsgProcedure@helper@baro@@EAEXXZ 10001250 f i MsgThread.obj
 0001:00000250       ??1Performance@baro@@QAE@XZ 10001250 f i Performance.obj
 0001:00000250       ??1A256B64@baro@@QAE@XZ    10001250 f i A256B64.obj
 0001:00000250       ?AssertValid@CObject@@UBEXXZ 10001250 f i Baronow23.obj
 0001:00000250       ??3@YAXPAX0@Z              10001250 f i file.obj
 0001:00000250       ?OnCreateInstance@MsgProcedure@helper@baro@@EAEXXZ 10001250 f i MsgThread.obj
 0001:00000250       ??1SqliteQueryResult@baro@@AAE@XZ 10001250 f i SqliteQueryResult.obj
 0001:00000260       ??3CObject@@SGXPAX@Z       10001260 f i Baronow23.obj
 0001:00000280       ??0CppSqlite3Exception@@QAE@HPA_W_N@Z 10001280 f   CppSQLite3U.obj
 0001:00000310       ??_GCppSqlite3Exception@@UAEPAXI@Z 10001310 f i CppSQLite3U.obj
 0001:00000310       ??_ECppSqlite3Exception@@UAEPAXI@Z 10001310 f i * CIL library *:* CIL module *
 0001:00000350       ??0CppSqlite3Exception@@QAE@ABV0@@Z 10001350 f   CppSQLite3U.obj
 0001:000003d0       ?errorCodeAsString@CppSqlite3Exception@@SAPB_WH@Z 100013d0 f   CppSQLite3U.obj
 0001:00000590       ??1CppSqlite3Exception@@UAE@XZ 10001590 f   CppSQLite3U.obj
 0001:000005c0       ??_GCppSqlite3DB@@UAEPAXI@Z 100015c0 f i CppSQLite3U.obj
 0001:000005c0       ??_ECppSqlite3DB@@UAEPAXI@Z 100015c0 f i * CIL library *:* CIL module *
 0001:00000630       ?execDML@CppSqlite3DB@@QAEHPB_W@Z 10001630 f   CppSQLite3U.obj
 0001:000007d0       ?execQuery@CppSqlite3DB@@QAE?AVCppSqlite3Query@@PB_W@Z 100017d0 f   CppSQLite3U.obj
 0001:000009b0       ??_ECppSqlite3Query@@UAEPAXI@Z 100019b0 f i * CIL library *:* CIL module *
 0001:000009b0       ??_GCppSqlite3Query@@UAEPAXI@Z 100019b0 f i CppSQLite3U.obj
 0001:000009e0       ??1CppSqlite3Query@@UAE@XZ 100019e0 f   CppSQLite3U.obj
 0001:00000a80       ??4CppSqlite3Query@@QAEAAV0@ABV0@@Z 10001a80 f   CppSQLite3U.obj
 0001:00000b40       ?getIntField@CppSqlite3Query@@QAEHHH@Z 10001b40 f   CppSQLite3U.obj
 0001:00000be0       ?getFloatField@CppSqlite3Query@@QAENHN@Z 10001be0 f   CppSQLite3U.obj
 0001:00000c90       ?getStringField@CppSqlite3Query@@QAEPB_WHPB_W@Z 10001c90 f   CppSQLite3U.obj
 0001:00000d30       ?getBlobField@CppSqlite3Query@@QAEPBEHAAH@Z 10001d30 f   CppSQLite3U.obj
 0001:00000da0       ?fieldIsNull@CppSqlite3Query@@QAE_NH@Z 10001da0 f   CppSQLite3U.obj
 0001:00000e20       ?fieldIsNull@CppSqlite3Query@@QAE_NPB_W@Z 10001e20 f   CppSQLite3U.obj
 0001:00000eb0       ?fieldIndex@CppSqlite3Query@@QAEHPB_W@Z 10001eb0 f   CppSQLite3U.obj
 0001:00000fa0       ?nextRow@CppSqlite3Query@@QAEXXZ 10001fa0 f   CppSQLite3U.obj
 0001:00001020       ?EncodeBase64@bapi@@YA_NV?$CStringT@_WV?$StrTraitMFC_DLL@_WV?$ChTraitsCRT@_W@ATL@@@@@ATL@@AAV23@@Z 10002020 f   crypt.obj
 0001:00001140       ?DecodeBase64@bapi@@YA_NV?$CStringT@_WV?$StrTraitMFC_DLL@_WV?$ChTraitsCRT@_W@ATL@@@@@ATL@@AAV23@@Z 10002140 f   crypt.obj
 0001:00001260       ?EncodeAES@bapi@@YA_NPB_W0AAV?$CStringT@_WV?$StrTraitMFC_DLL@_WV?$ChTraitsCRT@_W@ATL@@@@@ATL@@@Z 10002260 f   crypt.obj
 0001:00001440       ?DecodeAES@bapi@@YA_NPB_W0AAV?$CStringT@_WV?$StrTraitMFC_DLL@_WV?$ChTraitsCRT@_W@ATL@@@@@ATL@@@Z 10002440 f   crypt.obj
 0001:00001610       ?EncryptString@bapi@@YA_NV?$CStringT@_WV?$StrTraitMFC_DLL@_WV?$ChTraitsCRT@_W@ATL@@@@@ATL@@KAAV23@@Z 10002610 f   crypt.obj
 0001:00001680       ?DecryptString@bapi@@YA_NV?$CStringT@_WV?$StrTraitMFC_DLL@_WV?$ChTraitsCRT@_W@ATL@@@@@ATL@@KAAV23@@Z 10002680 f   crypt.obj
 0001:000016f0       ?EncryptStringA@bapi@@YA_NV?$CStringT@DV?$StrTraitMFC_DLL@DV?$ChTraitsCRT@D@ATL@@@@@ATL@@KAAV23@@Z 100026f0 f   crypt.obj
 0001:00001820       ?DecryptStringA@bapi@@YA_NV?$CStringT@DV?$StrTraitMFC_DLL@DV?$ChTraitsCRT@D@ATL@@@@@ATL@@KAAV23@@Z 10002820 f   crypt.obj
 0001:00001930       ?EncryptStringW@bapi@@YA_NV?$CStringT@_WV?$StrTraitMFC_DLL@_WV?$ChTraitsCRT@_W@ATL@@@@@ATL@@KAAV23@@Z 10002930 f   crypt.obj
 0001:00001a60       ?DecryptStringW@bapi@@YA_NV?$CStringT@_WV?$StrTraitMFC_DLL@_WV?$ChTraitsCRT@_W@ATL@@@@@ATL@@KAAV23@@Z 10002a60 f   crypt.obj
 0001:00001ba0       ?BinaryToStringA@bapi@@YA_NPBEKAAV?$CStringT@DV?$StrTraitMFC_DLL@DV?$ChTraitsCRT@D@ATL@@@@@ATL@@@Z 10002ba0 f   crypt.obj
 0001:00001ca0       ?StringToBinaryA@bapi@@YA_NPBDAAV?$TBuffer@E@baro@@@Z 10002ca0 f   crypt.obj
 0001:00001d70       ?BinaryToStringW@bapi@@YA_NPBEKAAV?$CStringT@_WV?$StrTraitMFC_DLL@_WV?$ChTraitsCRT@_W@ATL@@@@@ATL@@@Z 10002d70 f   crypt.obj
 0001:00001e70       ?StringToBinaryW@bapi@@YA_NPB_WAAV?$TBuffer@E@baro@@@Z 10002e70 f   crypt.obj
 0001:00001f50       ??0?$TBuffer@_W@baro@@QAE@I@Z 10002f50 f i crypt.obj
 0001:00001fc0       ?Set@?$TBuffer@_W@baro@@QAE_NI_W@Z 10002fc0 f i crypt.obj
 0001:00001ff0       ??0?$TBuffer@D@baro@@QAE@I@Z 10002ff0 f i crypt.obj
 0001:00002040       ??1?$TBuffer@D@baro@@UAE@XZ 10003040 f i crypt.obj
 0001:00002070       ?Set@?$TBuffer@D@baro@@QAE_NID@Z 10003070 f i crypt.obj
 0001:000020a0       ??_G?$TBuffer@D@baro@@UAEPAXI@Z 100030a0 f i crypt.obj
 0001:000020a0       ??_E?$TBuffer@D@baro@@UAEPAXI@Z 100030a0 f i * CIL library *:* CIL module *
 0001:000020f0       ?GetLastError@Sqlite@baro@@QAEKXZ 100030f0 f i Sqlite.obj
 0001:000020f0       ?GetThreadHandle@MsgProcedure@helper@baro@@QAEPAXXZ 100030f0 f i MsgThread.obj
 0001:000020f0       ?GetKey@A256B64@baro@@QBEKXZ 100030f0 f i stdafx.obj
 0001:000020f0       ?LockBuffer@?$TBuffer@E@baro@@QAEPAEXZ 100030f0 f i crypt.obj
 0001:00002100       ?Reset@?$TBuffer@E@baro@@QAEXPBEI@Z 10003100 f i crypt.obj
 0001:00002190       ??_E?$TBuffer@_W@baro@@UAEPAXI@Z 10003190 f i * CIL library *:* CIL module *
 0001:00002190       ??_G?$TBuffer@_W@baro@@UAEPAXI@Z 10003190 f i crypt.obj
 0001:000021e0       ?Reset@?$TBuffer@_W@baro@@QAEXPB_WI@Z 100031e0 f i crypt.obj
 0001:00002290       ??1?$TBuffer@_W@baro@@UAE@XZ 10003290 f i crypt.obj
 0001:000022c0       ?__autoclassinit2@PointCoord@baro@@QAEXI@Z 100032c0 f i stdafx.obj
 0001:000022c0       ?__autoclassinit2@BitmapDC@baro@@QAEXI@Z 100032c0 f i stdafx.obj
 0001:000022c0       ?__autoclassinit2@AutoLock@baro@@QAEXI@Z 100032c0 f i MsgThread.obj
 0001:000022c0       ?__autoclassinit2@SqliteQueryResult@baro@@QAEXI@Z 100032c0 f i Sqlite.obj
 0001:000022c0       ?__autoclassinit2@MsgProcedure@helper@baro@@QAEXI@Z 100032c0 f i stdafx.obj
 0001:000022c0       ?__autoclassinit2@CustomGraph@baro@@QAEXI@Z 100032c0 f i stdafx.obj
 0001:000022c0       ?__autoclassinit2@Stream@baro@@QAEXI@Z 100032c0 f i stdafx.obj
 0001:000022c0       ?__autoclassinit2@CriticalSection@baro@@QAEXI@Z 100032c0 f i Logger.obj
 0001:000022c0       ?__autoclassinit2@ISerialize@baro@@QAEXI@Z 100032c0 f i stdafx.obj
 0001:000022c0       ?__autoclassinit2@?$TSingleton@$$CBVSystemInfo@baro@@@baro@@QAEXI@Z 100032c0 f i stdafx.obj
 0001:000022c0       ?__autoclassinit2@Sqlite@baro@@QAEXI@Z 100032c0 f i stdafx.obj
 0001:000022c0       ?__autoclassinit2@MonitorInfo@baro@@QAEXI@Z 100032c0 f i monitor.obj
 0001:000022c0       ?__autoclassinit2@SystemInfo@baro@@QAEXI@Z 100032c0 f i system.obj
 0001:000022c0       ?__autoclassinit2@CheckPointer@baro@@QAEXI@Z 100032c0 f i stdafx.obj
 0001:000022c0       ?__autoclassinit2@CryptBuffer@baro@@QAEXI@Z 100032c0 f i crypt.obj
 0001:000022c0       ?__autoclassinit2@GradientRect@baro@@QAEXI@Z 100032c0 f i stdafx.obj
 0001:000022c0       ?__autoclassinit2@?$TBuffer@E@baro@@QAEXI@Z 100032c0 f i A256B64.obj
 0001:000022e0       ?GetInstancePath@bapi@@YA?AV?$CStringT@_WV?$StrTraitMFC_DLL@_WV?$ChTraitsCRT@_W@ATL@@@@@ATL@@_N@Z 100032e0 f   file.obj
 0001:000023c0       ?CreateFolder@bapi@@YAHV?$CStringT@_WV?$StrTraitMFC_DLL@_WV?$ChTraitsCRT@_W@ATL@@@@@ATL@@@Z 100033c0 f   file.obj
 0001:00002570       ?DeleteFolder@bapi@@YAHV?$CStringT@_WV?$StrTraitMFC_DLL@_WV?$ChTraitsCRT@_W@ATL@@@@@ATL@@H@Z 10003570 f   file.obj
 0001:00002730       ?FolderExistIsAddNumbering@bapi@@YAXAAV?$CStringT@_WV?$StrTraitMFC_DLL@_WV?$ChTraitsCRT@_W@ATL@@@@@ATL@@@Z 10003730 f   file.obj
 0001:00002800       ?FileExistAddNumbering@bapi@@YA_NAAV?$CStringT@_WV?$StrTraitMFC_DLL@_WV?$ChTraitsCRT@_W@ATL@@@@@ATL@@@Z 10003800 f   file.obj
 0001:00002970       ?GetPathNameFolder@bapi@@YA_NAAV?$CStringT@_WV?$StrTraitMFC_DLL@_WV?$ChTraitsCRT@_W@ATL@@@@@ATL@@_N00@Z 10003970 f   file.obj
 0001:00002a40       ?IsIncludeExtension@bapi@@YA_NV?$CStringT@_WV?$StrTraitMFC_DLL@_WV?$ChTraitsCRT@_W@ATL@@@@@ATL@@0AAV23@@Z 10003a40 f   file.obj
 0001:00002c30       ?GetFileSize@bapi@@YANV?$CStringT@_WV?$StrTraitMFC_DLL@_WV?$ChTraitsCRT@_W@ATL@@@@@ATL@@@Z 10003c30 f   file.obj
 0001:00002cd0       ?GetFileVersion@bapi@@YA_NPB_WAAUtagVS_FIXEDFILEINFO@@@Z 10003cd0 f   file.obj
 0001:00002dc0       ?GetInstanceFileVersion@bapi@@YA_N_NAAUtagVS_FIXEDFILEINFO@@@Z 10003dc0 f   file.obj
 0001:00002ec0       ?GetInstanceFileVersion@bapi@@YA?AV?$CStringT@_WV?$StrTraitMFC_DLL@_WV?$ChTraitsCRT@_W@ATL@@@@@ATL@@_N@Z 10003ec0 f   file.obj
 0001:00002f80       ?ReadBinaryFile@bapi@@YA_NV?$CStringT@_WV?$StrTraitMFC_DLL@_WV?$ChTraitsCRT@_W@ATL@@@@@ATL@@V?$function@$$A6A_NAAVCFile@@@Z@std@@@Z 10003f80 f   file.obj
 0001:00003120       ?WriteBinaryFile@bapi@@YA_NV?$CStringT@_WV?$StrTraitMFC_DLL@_WV?$ChTraitsCRT@_W@ATL@@@@@ATL@@_NV?$function@$$A6A_NAAVCFile@@@Z@std@@@Z 10004120 f   file.obj
 0001:000032e0       ?FindFileList@bapi@@YA?AV?$vector@V?$CStringT@_WV?$StrTraitMFC_DLL@_WV?$ChTraitsCRT@_W@ATL@@@@@ATL@@V?$allocator@V?$CStringT@_WV?$StrTraitMFC_DLL@_WV?$ChTraitsCRT@_W@ATL@@@@@ATL@@@std@@@std@@V?$CStringT@_WV?$StrTraitMFC_DLL@_WV?$ChTraitsCRT@_W@ATL@@@@@ATL@@@Z 100042e0 f   file.obj
 0001:000035a0       ?FindFileList@bapi@@YA?AV?$vector@V?$CStringT@_WV?$StrTraitMFC_DLL@_WV?$ChTraitsCRT@_W@ATL@@@@@ATL@@V?$allocator@V?$CStringT@_WV?$StrTraitMFC_DLL@_WV?$ChTraitsCRT@_W@ATL@@@@@ATL@@@std@@@std@@V?$CStringT@_WV?$StrTraitMFC_DLL@_WV?$ChTraitsCRT@_W@ATL@@@@@ATL@@0@Z 100045a0 f   file.obj
 0001:000037e0       ?FindFileList@bapi@@YA?AV?$vector@V?$CStringT@_WV?$StrTraitMFC_DLL@_WV?$ChTraitsCRT@_W@ATL@@@@@ATL@@V?$allocator@V?$CStringT@_WV?$StrTraitMFC_DLL@_WV?$ChTraitsCRT@_W@ATL@@@@@ATL@@@std@@@std@@V?$CStringT@_WV?$StrTraitMFC_DLL@_WV?$ChTraitsCRT@_W@ATL@@@@@ATL@@V23@@Z 100047e0 f   file.obj
 0001:00003cb0       ??HATL@@YA?AV?$CStringT@_WV?$StrTraitMFC_DLL@_WV?$ChTraitsCRT@_W@ATL@@@@@0@ABV10@0@Z 10004cb0 f i file.obj
 0001:00003d30       ??HATL@@YA?AV?$CStringT@_WV?$StrTraitMFC_DLL@_WV?$ChTraitsCRT@_W@ATL@@@@@0@ABV10@PB_W@Z 10004d30 f i file.obj
 0001:00003dd0       ?_Tidy@?$vector@V?$CStringT@_WV?$StrTraitMFC_DLL@_WV?$ChTraitsCRT@_W@ATL@@@@@ATL@@V?$allocator@V?$CStringT@_WV?$StrTraitMFC_DLL@_WV?$ChTraitsCRT@_W@ATL@@@@@ATL@@@std@@@std@@IAEXXZ 10004dd0 f i file.obj
 0001:00003dd0       ??1?$vector@V?$CStringT@_WV?$StrTraitMFC_DLL@_WV?$ChTraitsCRT@_W@ATL@@@@@ATL@@V?$allocator@V?$CStringT@_WV?$StrTraitMFC_DLL@_WV?$ChTraitsCRT@_W@ATL@@@@@ATL@@@std@@@std@@QAE@XZ 10004dd0 f i file.obj
 0001:00003e20       ??1?$function@$$A6A_NAAVCFile@@@Z@std@@QAE@XZ 10004e20 f i file.obj
 0001:00003e20       ??1?$function@$$A6AXAAVGraphics@Gdiplus@@AAVCDC@@IK@Z@std@@QAE@XZ 10004e20 f i CustomGraph.obj
 0001:00003e20       ??1?$function@$$A6A?AW4StreamResult@baro@@ABV?$CStringT@_WV?$StrTraitMFC_DLL@_WV?$ChTraitsCRT@_W@ATL@@@@@ATL@@@Z@std@@QAE@XZ 10004e20 f i stdafx.obj
 0001:00003e20       ??1?$function@$$A6A_NAAVSqliteQueryResult@baro@@@Z@std@@QAE@XZ 10004e20 f i Sqlite.obj
 0001:00003e20       ??1?$function@$$A6A?AW4StreamResult@baro@@AAV?$CStringT@_WV?$StrTraitMFC_DLL@_WV?$ChTraitsCRT@_W@ATL@@@@@ATL@@@Z@std@@QAE@XZ 10004e20 f i stdafx.obj
 0001:00003e20       ??1?$function@$$A6AMI@Z@std@@QAE@XZ 10004e20 f i PointCoord.obj
 0001:00003e20       ??1?$function@$$A6AXV?$CStringT@_WV?$StrTraitMFC_DLL@_WV?$ChTraitsCRT@_W@ATL@@@@@ATL@@AAV?$vector@V?$CStringT@_WV?$StrTraitMFC_DLL@_WV?$ChTraitsCRT@_W@ATL@@@@@ATL@@V?$allocator@V?$CStringT@_WV?$StrTraitMFC_DLL@_WV?$ChTraitsCRT@_W@ATL@@@@@ATL@@@std@@@std@@@Z@std@@QAE@XZ 10004e20 f i file.obj
 0001:00003e60       ??1?$_Func_class@XV?$CStringT@_WV?$StrTraitMFC_DLL@_WV?$ChTraitsCRT@_W@ATL@@@@@ATL@@AAV?$vector@V?$CStringT@_WV?$StrTraitMFC_DLL@_WV?$ChTraitsCRT@_W@ATL@@@@@ATL@@V?$allocator@V?$CStringT@_WV?$StrTraitMFC_DLL@_WV?$ChTraitsCRT@_W@ATL@@@@@ATL@@@std@@@std@@@std@@QAE@XZ 10004e60 f i file.obj
 0001:00003e60       ??1?$_Func_class@MI@std@@QAE@XZ 10004e60 f i PointCoord.obj
 0001:00003e60       ??1?$_Func_class@W4StreamResult@baro@@ABV?$CStringT@_WV?$StrTraitMFC_DLL@_WV?$ChTraitsCRT@_W@ATL@@@@@ATL@@@std@@QAE@XZ 10004e60 f i stdafx.obj
 0001:00003e60       ??1?$_Func_class@_NAAVCFile@@@std@@QAE@XZ 10004e60 f i file.obj
 0001:00003e60       ??1?$_Func_class@XAAVGraphics@Gdiplus@@AAVCDC@@IK@std@@QAE@XZ 10004e60 f i CustomGraph.obj
 0001:00003e60       ??1?$_Func_class@W4StreamResult@baro@@AAV?$CStringT@_WV?$StrTraitMFC_DLL@_WV?$ChTraitsCRT@_W@ATL@@@@@ATL@@@std@@QAE@XZ 10004e60 f i stdafx.obj
 0001:00003e90       ??_E?$_Func_base@XV?$CStringT@_WV?$StrTraitMFC_DLL@_WV?$ChTraitsCRT@_W@ATL@@@@@ATL@@AAV?$vector@V?$CStringT@_WV?$StrTraitMFC_DLL@_WV?$ChTraitsCRT@_W@ATL@@@@@ATL@@V?$allocator@V?$CStringT@_WV?$StrTraitMFC_DLL@_WV?$ChTraitsCRT@_W@ATL@@@@@ATL@@@std@@@std@@@std@@UAEPAXI@Z 10004e90 f i * CIL library *:* CIL module *
 0001:00003e90       ??_G?$_Func_base@XV?$CStringT@_WV?$StrTraitMFC_DLL@_WV?$ChTraitsCRT@_W@ATL@@@@@ATL@@AAV?$vector@V?$CStringT@_WV?$StrTraitMFC_DLL@_WV?$ChTraitsCRT@_W@ATL@@@@@ATL@@V?$allocator@V?$CStringT@_WV?$StrTraitMFC_DLL@_WV?$ChTraitsCRT@_W@ATL@@@@@ATL@@@std@@@std@@@std@@UAEPAXI@Z 10004e90 f i file.obj
 0001:00003e90       ??_G?$_Func_impl@U?$_Callable_obj@V<lambda_92ae8a6edb3cc5c1e2896be211724754>@@$0A@@std@@V?$allocator@V?$_Func_class@XV?$CStringT@_WV?$StrTraitMFC_DLL@_WV?$ChTraitsCRT@_W@ATL@@@@@ATL@@AAV?$vector@V?$CStringT@_WV?$StrTraitMFC_DLL@_WV?$ChTraitsCRT@_W@ATL@@@@@ATL@@V?$allocator@V?$CStringT@_WV?$StrTraitMFC_DLL@_WV?$ChTraitsCRT@_W@ATL@@@@@ATL@@@std@@@std@@@std@@@2@XV?$CStringT@_WV?$StrTraitMFC_DLL@_WV?$ChTraitsCRT@_W@ATL@@@@@ATL@@AAV?$vector@V?$CStringT@_WV?$StrTraitMFC_DLL@_WV?$ChTraitsCRT@_W@ATL@@@@@ATL@@V?$allocator@V?$CStringT@_WV?$StrTraitMFC_DLL@_WV?$ChTraitsCRT@_W@ATL@@@@@ATL@@@std@@@2@@std@@UAEPAXI@Z 10004e90 f i file.obj
 0001:00003e90       ??_E?$_Func_impl@U?$_Callable_obj@V<lambda_92ae8a6edb3cc5c1e2896be211724754>@@$0A@@std@@V?$allocator@V?$_Func_class@XV?$CStringT@_WV?$StrTraitMFC_DLL@_WV?$ChTraitsCRT@_W@ATL@@@@@ATL@@AAV?$vector@V?$CStringT@_WV?$StrTraitMFC_DLL@_WV?$ChTraitsCRT@_W@ATL@@@@@ATL@@V?$allocator@V?$CStringT@_WV?$StrTraitMFC_DLL@_WV?$ChTraitsCRT@_W@ATL@@@@@ATL@@@std@@@std@@@std@@@2@XV?$CStringT@_WV?$StrTraitMFC_DLL@_WV?$ChTraitsCRT@_W@ATL@@@@@ATL@@AAV?$vector@V?$CStringT@_WV?$StrTraitMFC_DLL@_WV?$ChTraitsCRT@_W@ATL@@@@@ATL@@V?$allocator@V?$CStringT@_WV?$StrTraitMFC_DLL@_WV?$ChTraitsCRT@_W@ATL@@@@@ATL@@@std@@@2@@std@@UAEPAXI@Z 10004e90 f i * CIL library *:* CIL module *
 0001:00003ec0       ?_Buy@?$vector@IV?$allocator@_N@std@@@std@@IAE_NI@Z 10004ec0 f i PointCoord.obj
 0001:00003ec0       ?_Buy@?$vector@V?$CStringT@_WV?$StrTraitMFC_DLL@_WV?$ChTraitsCRT@_W@ATL@@@@@ATL@@V?$allocator@V?$CStringT@_WV?$StrTraitMFC_DLL@_WV?$ChTraitsCRT@_W@ATL@@@@@ATL@@@std@@@std@@IAE_NI@Z 10004ec0 f i file.obj
 0001:00003f30       ?_Copy@?$_Func_impl@U?$_Callable_obj@V<lambda_92ae8a6edb3cc5c1e2896be211724754>@@$0A@@std@@V?$allocator@V?$_Func_class@XV?$CStringT@_WV?$StrTraitMFC_DLL@_WV?$ChTraitsCRT@_W@ATL@@@@@ATL@@AAV?$vector@V?$CStringT@_WV?$StrTraitMFC_DLL@_WV?$ChTraitsCRT@_W@ATL@@@@@ATL@@V?$allocator@V?$CStringT@_WV?$StrTraitMFC_DLL@_WV?$ChTraitsCRT@_W@ATL@@@@@ATL@@@std@@@std@@@std@@@2@XV?$CStringT@_WV?$StrTraitMFC_DLL@_WV?$ChTraitsCRT@_W@ATL@@@@@ATL@@AAV?$vector@V?$CStringT@_WV?$StrTraitMFC_DLL@_WV?$ChTraitsCRT@_W@ATL@@@@@ATL@@V?$allocator@V?$CStringT@_WV?$StrTraitMFC_DLL@_WV?$ChTraitsCRT@_W@ATL@@@@@ATL@@@std@@@2@@std@@UAEPAV?$_Func_base@XV?$CStringT@_WV?$StrTraitMFC_DLL@_WV?$ChTraitsCRT@_W@ATL@@@@@ATL@@AAV?$vector@V?$CStringT@_WV?$StrTraitMFC_DLL@_WV?$ChTraitsCRT@_W@ATL@@@@@ATL@@V?$allocator@V?$CStringT@_WV?$StrTraitMFC_DLL@_WV?$ChTraitsCRT@_W@ATL@@@@@ATL@@@std@@@std@@@2@PAX@Z 10004f30 f i file.obj
 0001:00003f30       ?_Move@?$_Func_impl@U?$_Callable_obj@V<lambda_92ae8a6edb3cc5c1e2896be211724754>@@$0A@@std@@V?$allocator@V?$_Func_class@XV?$CStringT@_WV?$StrTraitMFC_DLL@_WV?$ChTraitsCRT@_W@ATL@@@@@ATL@@AAV?$vector@V?$CStringT@_WV?$StrTraitMFC_DLL@_WV?$ChTraitsCRT@_W@ATL@@@@@ATL@@V?$allocator@V?$CStringT@_WV?$StrTraitMFC_DLL@_WV?$ChTraitsCRT@_W@ATL@@@@@ATL@@@std@@@std@@@std@@@2@XV?$CStringT@_WV?$StrTraitMFC_DLL@_WV?$ChTraitsCRT@_W@ATL@@@@@ATL@@AAV?$vector@V?$CStringT@_WV?$StrTraitMFC_DLL@_WV?$ChTraitsCRT@_W@ATL@@@@@ATL@@V?$allocator@V?$CStringT@_WV?$StrTraitMFC_DLL@_WV?$ChTraitsCRT@_W@ATL@@@@@ATL@@@std@@@2@@std@@UAEPAV?$_Func_base@XV?$CStringT@_WV?$StrTraitMFC_DLL@_WV?$ChTraitsCRT@_W@ATL@@@@@ATL@@AAV?$vector@V?$CStringT@_WV?$StrTraitMFC_DLL@_WV?$ChTraitsCRT@_W@ATL@@@@@ATL@@V?$allocator@V?$CStringT@_WV?$StrTraitMFC_DLL@_WV?$ChTraitsCRT@_W@ATL@@@@@ATL@@@std@@@std@@@2@PAX@Z 10004f30 f i file.obj
 0001:00003f70       ?_Do_call@?$_Func_impl@U?$_Callable_obj@V<lambda_92ae8a6edb3cc5c1e2896be211724754>@@$0A@@std@@V?$allocator@V?$_Func_class@XV?$CStringT@_WV?$StrTraitMFC_DLL@_WV?$ChTraitsCRT@_W@ATL@@@@@ATL@@AAV?$vector@V?$CStringT@_WV?$StrTraitMFC_DLL@_WV?$ChTraitsCRT@_W@ATL@@@@@ATL@@V?$allocator@V?$CStringT@_WV?$StrTraitMFC_DLL@_WV?$ChTraitsCRT@_W@ATL@@@@@ATL@@@std@@@std@@@std@@@2@XV?$CStringT@_WV?$StrTraitMFC_DLL@_WV?$ChTraitsCRT@_W@ATL@@@@@ATL@@AAV?$vector@V?$CStringT@_WV?$StrTraitMFC_DLL@_WV?$ChTraitsCRT@_W@ATL@@@@@ATL@@V?$allocator@V?$CStringT@_WV?$StrTraitMFC_DLL@_WV?$ChTraitsCRT@_W@ATL@@@@@ATL@@@std@@@2@@std@@UAEX$$QAV?$CStringT@_WV?$StrTraitMFC_DLL@_WV?$ChTraitsCRT@_W@ATL@@@@@ATL@@AAV?$vector@V?$CStringT@_WV?$StrTraitMFC_DLL@_WV?$ChTraitsCRT@_W@ATL@@@@@ATL@@V?$allocator@V?$CStringT@_WV?$StrTraitMFC_DLL@_WV?$ChTraitsCRT@_W@ATL@@@@@ATL@@@std@@@2@@Z 10004f70 f i file.obj
 0001:00003fa0       ?_Target_type@?$_Func_impl@U?$_Callable_obj@V<lambda_92ae8a6edb3cc5c1e2896be211724754>@@$0A@@std@@V?$allocator@V?$_Func_class@XV?$CStringT@_WV?$StrTraitMFC_DLL@_WV?$ChTraitsCRT@_W@ATL@@@@@ATL@@AAV?$vector@V?$CStringT@_WV?$StrTraitMFC_DLL@_WV?$ChTraitsCRT@_W@ATL@@@@@ATL@@V?$allocator@V?$CStringT@_WV?$StrTraitMFC_DLL@_WV?$ChTraitsCRT@_W@ATL@@@@@ATL@@@std@@@std@@@std@@@2@XV?$CStringT@_WV?$StrTraitMFC_DLL@_WV?$ChTraitsCRT@_W@ATL@@@@@ATL@@AAV?$vector@V?$CStringT@_WV?$StrTraitMFC_DLL@_WV?$ChTraitsCRT@_W@ATL@@@@@ATL@@V?$allocator@V?$CStringT@_WV?$StrTraitMFC_DLL@_WV?$ChTraitsCRT@_W@ATL@@@@@ATL@@@std@@@2@@std@@UBEABVtype_info@@XZ 10004fa0 f i file.obj
 0001:00003fb0       ?_Get@?$_Func_impl@U?$_Callable_obj@V<lambda_660079388d01d824f1d4f65d6714bd9d>@@$0A@@std@@V?$allocator@V?$_Func_class@MI@std@@@2@MI@std@@EBEPBXXZ 10004fb0 f i PointCoord.obj
 0001:00003fb0       ?_Get@?$_Func_impl@U?$_Callable_obj@V<lambda_f8882b2bf4f22a473592eb1ff5482a78>@@$0A@@std@@V?$allocator@V?$_Func_class@_NAAVCFile@@@std@@@2@_NAAVCFile@@@std@@EBEPBXXZ 10004fb0 f i Stream.obj
 0001:00003fb0       ?_Get@?$_Func_impl@U?$_Callable_obj@V<lambda_92ae8a6edb3cc5c1e2896be211724754>@@$0A@@std@@V?$allocator@V?$_Func_class@XV?$CStringT@_WV?$StrTraitMFC_DLL@_WV?$ChTraitsCRT@_W@ATL@@@@@ATL@@AAV?$vector@V?$CStringT@_WV?$StrTraitMFC_DLL@_WV?$ChTraitsCRT@_W@ATL@@@@@ATL@@V?$allocator@V?$CStringT@_WV?$StrTraitMFC_DLL@_WV?$ChTraitsCRT@_W@ATL@@@@@ATL@@@std@@@std@@@std@@@2@XV?$CStringT@_WV?$StrTraitMFC_DLL@_WV?$ChTraitsCRT@_W@ATL@@@@@ATL@@AAV?$vector@V?$CStringT@_WV?$StrTraitMFC_DLL@_WV?$ChTraitsCRT@_W@ATL@@@@@ATL@@V?$allocator@V?$CStringT@_WV?$StrTraitMFC_DLL@_WV?$ChTraitsCRT@_W@ATL@@@@@ATL@@@std@@@2@@std@@EBEPBXXZ 10004fb0 f i file.obj
 0001:00003fb0       ?_Get@?$_Func_impl@U?$_Callable_obj@V<lambda_257dd9aa029b0bb95eaf18bd787825cc>@@$0A@@std@@V?$allocator@V?$_Func_class@_NAAVCFile@@@std@@@2@_NAAVCFile@@@std@@EBEPBXXZ 10004fb0 f i Stream.obj
 0001:00003fb0       ?_Get@?$_Func_impl@U?$_Callable_obj@V<lambda_f15cf28b79eebeba7dee09e3ec20cd6a>@@$0A@@std@@V?$allocator@V?$_Func_class@MI@std@@@2@MI@std@@EBEPBXXZ 10004fb0 f i PointCoord.obj
 0001:00003fb0       ?_Get@?$_Func_impl@U?$_Callable_obj@V<lambda_e76177b2965f6f295be7c5f96021c124>@@$0A@@std@@V?$allocator@V?$_Func_class@W4StreamResult@baro@@AAV?$CStringT@_WV?$StrTraitMFC_DLL@_WV?$ChTraitsCRT@_W@ATL@@@@@ATL@@@std@@@2@W4StreamResult@baro@@AAV?$CStringT@_WV?$StrTraitMFC_DLL@_WV?$ChTraitsCRT@_W@ATL@@@@@ATL@@@std@@EBEPBXXZ 10004fb0 f i stdafx.obj
 0001:00003fb0       ?_Get@?$_Func_impl@U?$_Callable_obj@V<lambda_bbe7db543262a53344bc92964eb41292>@@$0A@@std@@V?$allocator@V?$_Func_class@_NAAVCFile@@@std@@@2@_NAAVCFile@@@std@@EBEPBXXZ 10004fb0 f i Stream.obj
 0001:00003fb0       ?_Get@?$_Func_impl@U?$_Callable_obj@V<lambda_740eeb7a2f1d2c38bf9d2a55ba51dd10>@@$0A@@std@@V?$allocator@V?$_Func_class@W4StreamResult@baro@@ABV?$CStringT@_WV?$StrTraitMFC_DLL@_WV?$ChTraitsCRT@_W@ATL@@@@@ATL@@@std@@@2@W4StreamResult@baro@@ABV?$CStringT@_WV?$StrTraitMFC_DLL@_WV?$ChTraitsCRT@_W@ATL@@@@@ATL@@@std@@EBEPBXXZ 10004fb0 f i stdafx.obj
 0001:00003fb0       ?_Get@?$_Func_impl@U?$_Callable_obj@V<lambda_187152e110f699ad5b1ab81533769cf2>@@$0A@@std@@V?$allocator@V?$_Func_class@W4StreamResult@baro@@ABV?$CStringT@_WV?$StrTraitMFC_DLL@_WV?$ChTraitsCRT@_W@ATL@@@@@ATL@@@std@@@2@W4StreamResult@baro@@ABV?$CStringT@_WV?$StrTraitMFC_DLL@_WV?$ChTraitsCRT@_W@ATL@@@@@ATL@@@std@@EBEPBXXZ 10004fb0 f i stdafx.obj
 0001:00003fb0       ?_Get@?$_Func_impl@U?$_Callable_obj@V<lambda_5c9231035f6c38fca048a0864a8210ea>@@$0A@@std@@V?$allocator@V?$_Func_class@W4StreamResult@baro@@AAV?$CStringT@_WV?$StrTraitMFC_DLL@_WV?$ChTraitsCRT@_W@ATL@@@@@ATL@@@std@@@2@W4StreamResult@baro@@AAV?$CStringT@_WV?$StrTraitMFC_DLL@_WV?$ChTraitsCRT@_W@ATL@@@@@ATL@@@std@@EBEPBXXZ 10004fb0 f i stdafx.obj
 0001:00003fb0       ?_Get@?$_Func_impl@U?$_Callable_obj@V<lambda_75f487c1c530e75cedd270693ab9589c>@@$0A@@std@@V?$allocator@V?$_Func_class@W4StreamResult@baro@@ABV?$CStringT@_WV?$StrTraitMFC_DLL@_WV?$ChTraitsCRT@_W@ATL@@@@@ATL@@@std@@@2@W4StreamResult@baro@@ABV?$CStringT@_WV?$StrTraitMFC_DLL@_WV?$ChTraitsCRT@_W@ATL@@@@@ATL@@@std@@EBEPBXXZ 10004fb0 f i stdafx.obj
 0001:00003fb0       ?_Get@?$_Func_impl@U?$_Callable_obj@V<lambda_71f23d2cacd049d0fc44bb672969fbab>@@$0A@@std@@V?$allocator@V?$_Func_class@W4StreamResult@baro@@AAV?$CStringT@_WV?$StrTraitMFC_DLL@_WV?$ChTraitsCRT@_W@ATL@@@@@ATL@@@std@@@2@W4StreamResult@baro@@AAV?$CStringT@_WV?$StrTraitMFC_DLL@_WV?$ChTraitsCRT@_W@ATL@@@@@ATL@@@std@@EBEPBXXZ 10004fb0 f i stdafx.obj
 0001:00003fb0       ?_Get@?$_Func_impl@U?$_Callable_obj@V?$_Bind@$00XU?$_Pmf_wrap@P8CustomGraph@baro@@AEXAAVGraphics@Gdiplus@@AAVCDC@@IK@ZXV12@AAV34@AAV5@IK@std@@QAVCustomGraph@baro@@AAV?$_Ph@$00@2@AAV?$_Ph@$01@2@AAV?$_Ph@$02@2@AAV?$_Ph@$03@2@@std@@$0A@@std@@V?$allocator@V?$_Func_class@XAAVGraphics@Gdiplus@@AAVCDC@@IK@std@@@2@XAAVGraphics@Gdiplus@@AAVCDC@@IK@std@@EBEPBXXZ 10004fb0 f i CustomGraph.obj
 0001:00003fc0       ?_Delete_this@?$_Func_impl@U?$_Callable_obj@V<lambda_bbe7db543262a53344bc92964eb41292>@@$0A@@std@@V?$allocator@V?$_Func_class@_NAAVCFile@@@std@@@2@_NAAVCFile@@@std@@EAEX_N@Z 10004fc0 f i Stream.obj
 0001:00003fc0       ?_Delete_this@?$_Func_impl@U?$_Callable_obj@V<lambda_257dd9aa029b0bb95eaf18bd787825cc>@@$0A@@std@@V?$allocator@V?$_Func_class@_NAAVCFile@@@std@@@2@_NAAVCFile@@@std@@EAEX_N@Z 10004fc0 f i Stream.obj
 0001:00003fc0       ?_Delete_this@?$_Func_impl@U?$_Callable_obj@V<lambda_740eeb7a2f1d2c38bf9d2a55ba51dd10>@@$0A@@std@@V?$allocator@V?$_Func_class@W4StreamResult@baro@@ABV?$CStringT@_WV?$StrTraitMFC_DLL@_WV?$ChTraitsCRT@_W@ATL@@@@@ATL@@@std@@@2@W4StreamResult@baro@@ABV?$CStringT@_WV?$StrTraitMFC_DLL@_WV?$ChTraitsCRT@_W@ATL@@@@@ATL@@@std@@EAEX_N@Z 10004fc0 f i stdafx.obj
 0001:00003fc0       ?_Delete_this@?$_Func_impl@U?$_Callable_obj@V?$_Bind@$00XU?$_Pmf_wrap@P8CustomGraph@baro@@AEXAAVGraphics@Gdiplus@@AAVCDC@@IK@ZXV12@AAV34@AAV5@IK@std@@QAVCustomGraph@baro@@AAV?$_Ph@$00@2@AAV?$_Ph@$01@2@AAV?$_Ph@$02@2@AAV?$_Ph@$03@2@@std@@$0A@@std@@V?$allocator@V?$_Func_class@XAAVGraphics@Gdiplus@@AAVCDC@@IK@std@@@2@XAAVGraphics@Gdiplus@@AAVCDC@@IK@std@@EAEX_N@Z 10004fc0 f i CustomGraph.obj
 0001:00003fc0       ?_Delete_this@?$_Func_impl@U?$_Callable_obj@V<lambda_75f487c1c530e75cedd270693ab9589c>@@$0A@@std@@V?$allocator@V?$_Func_class@W4StreamResult@baro@@ABV?$CStringT@_WV?$StrTraitMFC_DLL@_WV?$ChTraitsCRT@_W@ATL@@@@@ATL@@@std@@@2@W4StreamResult@baro@@ABV?$CStringT@_WV?$StrTraitMFC_DLL@_WV?$ChTraitsCRT@_W@ATL@@@@@ATL@@@std@@EAEX_N@Z 10004fc0 f i stdafx.obj
 0001:00003fc0       ?_Delete_this@?$_Func_impl@U?$_Callable_obj@V<lambda_f8882b2bf4f22a473592eb1ff5482a78>@@$0A@@std@@V?$allocator@V?$_Func_class@_NAAVCFile@@@std@@@2@_NAAVCFile@@@std@@EAEX_N@Z 10004fc0 f i Stream.obj
 0001:00003fc0       ?_Delete_this@?$_Func_impl@U?$_Callable_obj@V<lambda_5c9231035f6c38fca048a0864a8210ea>@@$0A@@std@@V?$allocator@V?$_Func_class@W4StreamResult@baro@@AAV?$CStringT@_WV?$StrTraitMFC_DLL@_WV?$ChTraitsCRT@_W@ATL@@@@@ATL@@@std@@@2@W4StreamResult@baro@@AAV?$CStringT@_WV?$StrTraitMFC_DLL@_WV?$ChTraitsCRT@_W@ATL@@@@@ATL@@@std@@EAEX_N@Z 10004fc0 f i stdafx.obj
 0001:00003fc0       ?_Delete_this@?$_Func_impl@U?$_Callable_obj@V<lambda_660079388d01d824f1d4f65d6714bd9d>@@$0A@@std@@V?$allocator@V?$_Func_class@MI@std@@@2@MI@std@@EAEX_N@Z 10004fc0 f i PointCoord.obj
 0001:00003fc0       ?_Delete_this@?$_Func_impl@U?$_Callable_obj@V<lambda_92ae8a6edb3cc5c1e2896be211724754>@@$0A@@std@@V?$allocator@V?$_Func_class@XV?$CStringT@_WV?$StrTraitMFC_DLL@_WV?$ChTraitsCRT@_W@ATL@@@@@ATL@@AAV?$vector@V?$CStringT@_WV?$StrTraitMFC_DLL@_WV?$ChTraitsCRT@_W@ATL@@@@@ATL@@V?$allocator@V?$CStringT@_WV?$StrTraitMFC_DLL@_WV?$ChTraitsCRT@_W@ATL@@@@@ATL@@@std@@@std@@@std@@@2@XV?$CStringT@_WV?$StrTraitMFC_DLL@_WV?$ChTraitsCRT@_W@ATL@@@@@ATL@@AAV?$vector@V?$CStringT@_WV?$StrTraitMFC_DLL@_WV?$ChTraitsCRT@_W@ATL@@@@@ATL@@V?$allocator@V?$CStringT@_WV?$StrTraitMFC_DLL@_WV?$ChTraitsCRT@_W@ATL@@@@@ATL@@@std@@@2@@std@@EAEX_N@Z 10004fc0 f i file.obj
 0001:00003fc0       ?_Delete_this@?$_Func_impl@U?$_Callable_obj@V<lambda_71f23d2cacd049d0fc44bb672969fbab>@@$0A@@std@@V?$allocator@V?$_Func_class@W4StreamResult@baro@@AAV?$CStringT@_WV?$StrTraitMFC_DLL@_WV?$ChTraitsCRT@_W@ATL@@@@@ATL@@@std@@@2@W4StreamResult@baro@@AAV?$CStringT@_WV?$StrTraitMFC_DLL@_WV?$ChTraitsCRT@_W@ATL@@@@@ATL@@@std@@EAEX_N@Z 10004fc0 f i stdafx.obj
 0001:00003fc0       ?_Delete_this@?$_Func_impl@U?$_Callable_obj@V<lambda_e76177b2965f6f295be7c5f96021c124>@@$0A@@std@@V?$allocator@V?$_Func_class@W4StreamResult@baro@@AAV?$CStringT@_WV?$StrTraitMFC_DLL@_WV?$ChTraitsCRT@_W@ATL@@@@@ATL@@@std@@@2@W4StreamResult@baro@@AAV?$CStringT@_WV?$StrTraitMFC_DLL@_WV?$ChTraitsCRT@_W@ATL@@@@@ATL@@@std@@EAEX_N@Z 10004fc0 f i stdafx.obj
 0001:00003fc0       ?_Delete_this@?$_Func_impl@U?$_Callable_obj@V<lambda_187152e110f699ad5b1ab81533769cf2>@@$0A@@std@@V?$allocator@V?$_Func_class@W4StreamResult@baro@@ABV?$CStringT@_WV?$StrTraitMFC_DLL@_WV?$ChTraitsCRT@_W@ATL@@@@@ATL@@@std@@@2@W4StreamResult@baro@@ABV?$CStringT@_WV?$StrTraitMFC_DLL@_WV?$ChTraitsCRT@_W@ATL@@@@@ATL@@@std@@EAEX_N@Z 10004fc0 f i stdafx.obj
 0001:00003fc0       ?_Delete_this@?$_Func_impl@U?$_Callable_obj@V<lambda_f15cf28b79eebeba7dee09e3ec20cd6a>@@$0A@@std@@V?$allocator@V?$_Func_class@MI@std@@@2@MI@std@@EAEX_N@Z 10004fc0 f i PointCoord.obj
 0001:00003ff0       ??$_Uninit_copy@PBV?$CStringT@_WV?$StrTraitMFC_DLL@_WV?$ChTraitsCRT@_W@ATL@@@@@ATL@@PAV12@V?$allocator@V?$CStringT@_WV?$StrTraitMFC_DLL@_WV?$ChTraitsCRT@_W@ATL@@@@@ATL@@@std@@@std@@YAPAV?$CStringT@_WV?$StrTraitMFC_DLL@_WV?$ChTraitsCRT@_W@ATL@@@@@ATL@@PBV12@0PAV12@AAU?$_Wrap_alloc@V?$allocator@V?$CStringT@_WV?$StrTraitMFC_DLL@_WV?$ChTraitsCRT@_W@ATL@@@@@ATL@@@std@@@0@U_Nonscalar_ptr_iterator_tag@0@@Z 10004ff0 f i Sqlite.obj
 0001:00003ff0       ??$_Uninit_move@PAV?$CStringT@_WV?$StrTraitMFC_DLL@_WV?$ChTraitsCRT@_W@ATL@@@@@ATL@@PAV12@V?$allocator@V?$CStringT@_WV?$StrTraitMFC_DLL@_WV?$ChTraitsCRT@_W@ATL@@@@@ATL@@@std@@V12@@std@@YAPAV?$CStringT@_WV?$StrTraitMFC_DLL@_WV?$ChTraitsCRT@_W@ATL@@@@@ATL@@PAV12@00AAU?$_Wrap_alloc@V?$allocator@V?$CStringT@_WV?$StrTraitMFC_DLL@_WV?$ChTraitsCRT@_W@ATL@@@@@ATL@@@std@@@0@0U_Nonscalar_ptr_iterator_tag@0@@Z 10004ff0 f i file.obj
 0001:00004090       ?_Reallocate@?$vector@V?$CStringT@_WV?$StrTraitMFC_DLL@_WV?$ChTraitsCRT@_W@ATL@@@@@ATL@@V?$allocator@V?$CStringT@_WV?$StrTraitMFC_DLL@_WV?$ChTraitsCRT@_W@ATL@@@@@ATL@@@std@@@std@@IAEXI@Z 10005090 f i file.obj
 0001:00004180       ?_Reserve@?$vector@V?$CStringT@_WV?$StrTraitMFC_DLL@_WV?$ChTraitsCRT@_W@ATL@@@@@ATL@@V?$allocator@V?$CStringT@_WV?$StrTraitMFC_DLL@_WV?$ChTraitsCRT@_W@ATL@@@@@ATL@@@std@@@std@@IAEXI@Z 10005180 f i file.obj
 0001:000041f0       ?push_back@?$vector@V?$CStringT@_WV?$StrTraitMFC_DLL@_WV?$ChTraitsCRT@_W@ATL@@@@@ATL@@V?$allocator@V?$CStringT@_WV?$StrTraitMFC_DLL@_WV?$ChTraitsCRT@_W@ATL@@@@@ATL@@@std@@@std@@QAEXABV?$CStringT@_WV?$StrTraitMFC_DLL@_WV?$ChTraitsCRT@_W@ATL@@@@@ATL@@@Z 100051f0 f i file.obj
 0001:00004290       ??HATL@@YA?AV?$CStringT@_WV?$StrTraitMFC_DLL@_WV?$ChTraitsCRT@_W@ATL@@@@@0@PB_WABV10@@Z 10005290 f i file.obj
 0001:00004330       ?AfxGetApp@@YGPAVCWinApp@@XZ 10005330 f i file.obj
 0001:00004340       ?IncreaseColor@bapi@@YAKKM@Z 10005340 f   gdi.obj
 0001:000043e0       ?IncreaseColor@bapi@@YA?AVColor@Gdiplus@@V23@MM@Z 100053e0 f   gdi.obj
 0001:000044e0       ?DirectColor@bapi@@YAKKM@Z 100054e0 f   gdi.obj
 0001:00004570       ?DirectColor@bapi@@YA?AVColor@Gdiplus@@V23@MM@Z 10005570 f   gdi.obj
 0001:00004650       ?MakeRandomRGB@bapi@@YAKXZ 10005650 f   gdi.obj
 0001:00004680       ?MakeRandomColor@bapi@@YA?AVColor@Gdiplus@@XZ 10005680 f   gdi.obj
 0001:000046d0       ?SetGraphics@bapi@@YAXPAVGraphics@Gdiplus@@_N1@Z 100056d0 f   gdi.obj
 0001:00004740       ?GetDrawTextSize@bapi@@YA?AVCSize@@PAVCDC@@PB_W@Z 10005740 f   gdi.obj
 0001:000047c0       ?GetDisplayStringSize@bapi@@YA?AVCSize@@PAVCDC@@PB_W@Z 100057c0 f   gdi.obj
 0001:00004870       ?GetFitStringAddDot@bapi@@YA?AV?$CStringT@_WV?$StrTraitMFC_DLL@_WV?$ChTraitsCRT@_W@ATL@@@@@ATL@@PAVCDC@@PB_WHPAVCSize@@@Z 10005870 f   gdi.obj
 0001:00004ac0       ?GetFitStringAddDotReverse@bapi@@YA?AV?$CStringT@_WV?$StrTraitMFC_DLL@_WV?$ChTraitsCRT@_W@ATL@@@@@ATL@@PAVCDC@@V23@HPAVCSize@@@Z 10005ac0 f   gdi.obj
 0001:00004b80       ?DrawOutsideTabLine@bapi@@YAXPAVCDC@@AAVCRect@@_N@Z 10005b80 f   gdi.obj
 0001:00004be0       ?DrawOutsideTabLineEx@bapi@@YAXPAVCDC@@AAVCRect@@@Z 10005be0 f   gdi.obj
 0001:00004c40       ?DrawFrameRect@bapi@@YAXPAVCDC@@HHHHKH@Z 10005c40 f   gdi.obj
 0001:00004d30       ?DrawFrameRect@bapi@@YAXPAVCDC@@HHHHKK@Z 10005d30 f   gdi.obj
 0001:00004da0       ?DrawFrameRect@bapi@@YAXAAVGraphics@Gdiplus@@AAVPen@3@AAVCRect@@@Z 10005da0 f   gdi.obj
 0001:00004e50       ?DrawFrameRect@bapi@@YAXAAVGraphics@Gdiplus@@AAVPen@3@AAVRectF@3@@Z 10005e50 f   gdi.obj
 0001:00004f00       ?DrawFrameRect@bapi@@YAXAAVGraphics@Gdiplus@@AAVPen@3@AAVPointF@3@2@Z 10005f00 f   gdi.obj
 0001:00004fd0       ?GetBitmapBits@bapi@@YA_NAAVCBitmap@@AAV?$TBuffer@E@baro@@@Z 10005fd0 f   gdi.obj
 0001:00005080       ?GetBitmapBits@bapi@@YA_NQAUHBITMAP__@@AAV?$TBuffer@E@baro@@@Z 10006080 f   gdi.obj
 0001:000050a0       ??$MakeRandom@H@bapi@@YAHHH@Z 100060a0 f i gdi.obj
 0001:000051b0       ?seed@?$mersenne_twister@_K$0EA@$0BDI@$0JM@$0BP@$0?EKPNJAKFFGJJOGBH@$0BN@$0BB@$0HBNGHPPPONKGAAAA@$0CF@$0?IBBCAAAAAAAAA@$0CL@@std@@QAEXK_K@Z 100061b0 f i gdi.obj
 0001:00005220       ??R?$_Rng_from_urng@IV?$mersenne_twister_engine@_K$0EA@$0BDI@$0JM@$0BP@$0?EKPNJAKFFGJJOGBH@$0BN@$0FFFFFFFFFFFFFFFF@$0BB@$0HBNGHPPPONKGAAAA@$0CF@$0?IBBCAAAAAAAAA@$0CL@$0FIFBPECNEMJFHPCN@@std@@@std@@QAEII@Z 10006220 f i gdi.obj
 0001:000053d0       ?_Refill_lower@?$mersenne_twister@_K$0EA@$0BDI@$0JM@$0BP@$0?EKPNJAKFFGJJOGBH@$0BN@$0BB@$0HBNGHPPPONKGAAAA@$0CF@$0?IBBCAAAAAAAAA@$0CL@@std@@IAEXXZ 100063d0 f i gdi.obj
 0001:00005540       ?_Refill_upper@?$mersenne_twister@_K$0EA@$0BDI@$0JM@$0BP@$0?EKPNJAKFFGJJOGBH@$0BN@$0BB@$0HBNGHPPPONKGAAAA@$0CF@$0?IBBCAAAAAAAAA@$0CL@@std@@IAEXXZ 10006540 f i gdi.obj
 0001:000055c0       ??1?$basic_string@DU?$char_traits@D@std@@V?$allocator@D@2@@std@@QAE@XZ 100065c0 f i gdi.obj
 0001:000055f0       ?erase@?$basic_string@DU?$char_traits@D@std@@V?$allocator@D@2@@std@@QAEAAV12@II@Z 100065f0 f i gdi.obj
 0001:00005670       ?assign@?$basic_string@DU?$char_traits@D@std@@V?$allocator@D@2@@std@@QAEAAV12@ABV12@II@Z 10006670 f i gdi.obj
 0001:00005750       ?allocate@?$_Wrap_alloc@V?$allocator@D@std@@@std@@QAEPADI@Z 10006750 f i gdi.obj
 0001:00005780       ?_Copy@?$basic_string@DU?$char_traits@D@std@@V?$allocator@D@2@@std@@QAEXII@Z 10006780 f i gdi.obj
 0001:000058d0       ?_Grow@?$basic_string@DU?$char_traits@D@std@@V?$allocator@D@2@@std@@QAE_NI_N@Z 100068d0 f i gdi.obj
 0001:00005930       ?assign@?$basic_string@DU?$char_traits@D@std@@V?$allocator@D@2@@std@@QAEAAV12@PBDI@Z 10006930 f i gdi.obj
 0001:00005a30       ?GetBuffer@CryptBuffer@baro@@QAEPBEXZ 10006a30 f i CryptBuffer.obj
 0001:00005a30       ?GetLength@Stream@baro@@QAEIXZ 10006a30 f i Stream.obj
 0001:00005a30       ?GetLength@?$TBuffer@E@baro@@QBEIXZ 10006a30 f i gdi.obj
 0001:00005a30       ?GetWindowHwnd@MsgProcedure@helper@baro@@QAEPAUHWND__@@XZ 10006a30 f i MsgThread.obj
 0001:00005a40       ??1CPen@@UAE@XZ            10006a40 f i gdi.obj
 0001:00005a50       ??_GCGdiObject@@UAEPAXI@Z  10006a50 f i gdi.obj
 0001:00005a50       ??_ECGdiObject@@UAEPAXI@Z  10006a50 f i * CIL library *:* CIL module *
 0001:00005a80       ??1CGdiObject@@UAE@XZ      10006a80 f i gdi.obj
 0001:00005b90       ??_GCPen@@UAEPAXI@Z        10006b90 f i gdi.obj
 0001:00005b90       ??_ECPen@@UAEPAXI@Z        10006b90 f i * CIL library *:* CIL module *
 0001:00005bc0       ??0CPen@@QAE@XZ            10006bc0 f i gdi.obj
 0001:00005bd0       ?GetFileExtensionToIcon@Icon@bapi@@YA_NV?$CStringT@_WV?$StrTraitMFC_DLL@_WV?$ChTraitsCRT@_W@ATL@@@@@ATL@@AAPAUHICON__@@1AA_N@Z 10006bd0 f   image.obj
 0001:00005e20       ?GetFilePathToIcon@Icon@bapi@@YA_NV?$CStringT@_WV?$StrTraitMFC_DLL@_WV?$ChTraitsCRT@_W@ATL@@@@@ATL@@AAPAUHICON__@@1AA_N@Z 10006e20 f   image.obj
 0001:00006090       ?AddLinkedIconMerge@Icon@bapi@@YA_NAAPAUHICON__@@@Z 10007090 f   image.obj
 0001:00006170       ?GetEncoderCLSID@Image@bapi@@YAHQB_WAAU_GUID@@@Z 10007170 f   image.obj
 0001:00006290       ?GetAspectResize@Image@bapi@@YA?AVCSize@@V3@0PAVCPoint@@@Z 10007290 f   image.obj
 0001:00006380       ?SaveImageFile@Image@bapi@@YA?AW4Status@Gdiplus@@PAUHBITMAP__@@PB_W1@Z 10007380 f   image.obj
 0001:000064d0       ?CreateImageThumbnail@Image@bapi@@YA_NV?$CStringT@_WV?$StrTraitMFC_DLL@_WV?$ChTraitsCRT@_W@ATL@@@@@ATL@@0AAVCSize@@1@Z 100074d0 f   image.obj
 0001:00006850       ??1Graphics@Gdiplus@@QAE@XZ 10007850 f i image.obj
 0001:00006860       ??_EBitmap@Gdiplus@@UAEPAXI@Z 10007860 f i * CIL library *:* CIL module *
 0001:00006860       ??_GBitmap@Gdiplus@@UAEPAXI@Z 10007860 f i image.obj
 0001:00006860       ??_EImage@Gdiplus@@UAEPAXI@Z 10007860 f i * CIL library *:* CIL module *
 0001:00006860       ??_GImage@Gdiplus@@UAEPAXI@Z 10007860 f i image.obj
 0001:00006890       ??1Bitmap@Gdiplus@@UAE@XZ  10007890 f i image.obj
 0001:000068a0       ?Clone@Image@Gdiplus@@UAEPAV12@XZ 100078a0 f i image.obj
 0001:00006920       ?GetMonitorInfoW@bapi@@YA?AVMonitorInfo@baro@@PAUtagRECT@@@Z 10007920 f   monitor.obj
 0001:00006b50       ?GetPrimaryArea@bapi@@YA?AVCRect@@XZ 10007b50 f   monitor.obj
 0001:00006bb0       ?GetPrimaryWork@bapi@@YA?AVCRect@@XZ 10007bb0 f   monitor.obj
 0001:00006c10       ?GetCurrentWorkArea@bapi@@YA?AVCRect@@PAUHWND__@@@Z 10007c10 f   monitor.obj
 0001:00006c70       ?GetCurrentWorkArea@bapi@@YA?AVCRect@@PAUtagRECT@@@Z 10007c70 f   monitor.obj
 0001:00006cd0       ?GetCurrentMonitorArea@bapi@@YA?AVCRect@@PAUHWND__@@@Z 10007cd0 f   monitor.obj
 0001:00006d30       ?GetCurrentMonitorArea@bapi@@YA?AVCRect@@PAUtagRECT@@@Z 10007d30 f   monitor.obj
 0001:00006d90       ?GetMonitorResolution@bapi@@YA?AVCSize@@XZ 10007d90 f   monitor.obj
 0001:00006e00       ?GetMonitorMaxResolution@bapi@@YA?AVCSize@@XZ 10007e00 f   monitor.obj
 0001:00006e70       ?GetMonitorExArea@bapi@@YA?AVCRect@@PAUHWND__@@@Z 10007e70 f   monitor.obj
 0001:00006f10       ?GetMonitorExArea@bapi@@YA?AVCRect@@PAUtagRECT@@@Z 10007f10 f   monitor.obj
 0001:00006f70       ?IsRectInMonitorArea@bapi@@YAXVCRect@@AA_N111@Z 10007f70 f   monitor.obj
 0001:00006fe0       ?IsRectInMonitorAreaEx@bapi@@YAXVCRect@@AA_N111@Z 10007fe0 f   monitor.obj
 0001:00007060       ?_Reserve@?$vector@VCRect@@V?$allocator@VCRect@@@std@@@std@@IAEXI@Z 10008060 f i monitor.obj
 0001:000070d0       ?_Reallocate@?$vector@VCRect@@V?$allocator@VCRect@@@std@@@std@@IAEXI@Z 100080d0 f i monitor.obj
 0001:00007150       ??$_Uninit_move@PAVCRect@@PAV1@V?$allocator@VCRect@@@std@@V1@@std@@YAPAVCRect@@PAV1@00AAU?$_Wrap_alloc@V?$allocator@VCRect@@@std@@@0@0U_Nonscalar_ptr_iterator_tag@0@@Z 10008150 f i monitor.obj
 0001:00007150       ??$_Uninit_copy@PAVCRect@@PAV1@V?$allocator@VCRect@@@std@@@std@@YAPAVCRect@@PAV1@00AAU?$_Wrap_alloc@V?$allocator@VCRect@@@std@@@0@U_Nonscalar_ptr_iterator_tag@0@@Z 10008150 f i MonitorInfo.obj
 0001:00007180       ?MakeStretchSize@bapi@@YA?AVCSize@@V2@0@Z 10008180 f   numeric.obj
 0001:00007250       ?RegistryHwnd@bapi@@YAPAUHWND__@@_NPB_W1PAU2@@Z 10008250 f   registry.obj
 0001:00007390       ?RegistryString@bapi@@YA?AV?$CStringT@_WV?$StrTraitMFC_DLL@_WV?$ChTraitsCRT@_W@ATL@@@@@ATL@@_NPB_W11@Z 10008390 f   registry.obj
 0001:00007540       ?RegistryDword@bapi@@YAK_NPB_W1K@Z 10008540 f   registry.obj
 0001:00007600       ?RegistryFloat@bapi@@YAM_NPB_W1MM@Z 10008600 f   registry.obj
 0001:00007650       ?RegistryBool@bapi@@YA_N_NPB_W10@Z 10008650 f   registry.obj
 0001:00007710       ?ReadRegistryString@bapi@@YA?AV?$CStringT@_WV?$StrTraitMFC_DLL@_WV?$ChTraitsCRT@_W@ATL@@@@@ATL@@PAUHKEY__@@PB_W1V23@@Z 10008710 f   registry.obj
 0001:00007870       ?ReadLocalRegistryString@bapi@@YA?AV?$CStringT@_WV?$StrTraitMFC_DLL@_WV?$ChTraitsCRT@_W@ATL@@@@@ATL@@PB_W0V23@@Z 10008870 f   registry.obj
 0001:000078f0       ?ReadUserRegistryString@bapi@@YA?AV?$CStringT@_WV?$StrTraitMFC_DLL@_WV?$ChTraitsCRT@_W@ATL@@@@@ATL@@PB_W0V23@@Z 100088f0 f   registry.obj
 0001:00007970       ?MakeString@bapi@@YA?AV?$CStringT@_WV?$StrTraitMFC_DLL@_WV?$ChTraitsCRT@_W@ATL@@@@@ATL@@PB_WZZ 10008970 f   string.obj
 0001:00007a30       ?MakeNumberString@bapi@@YA?AV?$CStringT@_WV?$StrTraitMFC_DLL@_WV?$ChTraitsCRT@_W@ATL@@@@@ATL@@H@Z 10008a30 f   string.obj
 0001:00007a50       ?MakeNumberString@bapi@@YA?AV?$CStringT@_WV?$StrTraitMFC_DLL@_WV?$ChTraitsCRT@_W@ATL@@@@@ATL@@M@Z 10008a50 f   string.obj
 0001:00007a70       ?MakeNumberString@bapi@@YA?AV?$CStringT@_WV?$StrTraitMFC_DLL@_WV?$ChTraitsCRT@_W@ATL@@@@@ATL@@N@Z 10008a70 f   string.obj
 0001:00007aa0       ?MakeLocalTimeString@bapi@@YA?AV?$CStringT@_WV?$StrTraitMFC_DLL@_WV?$ChTraitsCRT@_W@ATL@@@@@ATL@@AAU_SYSTEMTIME@@@Z 10008aa0 f   string.obj
 0001:00007af0       ?MakeLocalTimeString@bapi@@YA?AV?$CStringT@_WV?$StrTraitMFC_DLL@_WV?$ChTraitsCRT@_W@ATL@@@@@ATL@@XZ 10008af0 f   string.obj
 0001:00007b40       ?FileSizeToString@bapi@@YA?AV?$CStringT@_WV?$StrTraitMFC_DLL@_WV?$ChTraitsCRT@_W@ATL@@@@@ATL@@N_N@Z 10008b40 f   string.obj
 0001:00007c90       ?MakeErrorString@bapi@@YA?AV?$CStringT@_WV?$StrTraitMFC_DLL@_WV?$ChTraitsCRT@_W@ATL@@@@@ATL@@KK@Z 10008c90 f   string.obj
 0001:00007cf0       ?MakeGdiErrorString@bapi@@YA?AV?$CStringT@_WV?$StrTraitMFC_DLL@_WV?$ChTraitsCRT@_W@ATL@@@@@ATL@@W4Status@Gdiplus@@@Z 10008cf0 f   string.obj
 0001:00007f50       ?MakeExceptionString@bapi@@YA?AV?$CStringT@_WV?$StrTraitMFC_DLL@_WV?$ChTraitsCRT@_W@ATL@@@@@ATL@@PAVCException@@@Z 10008f50 f   string.obj
 0001:00007fc0       ?MakeGuidString@bapi@@YA?AV?$CStringT@_WV?$StrTraitMFC_DLL@_WV?$ChTraitsCRT@_W@ATL@@@@@ATL@@ABU_GUID@@@Z 10008fc0 f   string.obj
 0001:00008020       ?MakeGuidString@bapi@@YA?AV?$CStringT@_WV?$StrTraitMFC_DLL@_WV?$ChTraitsCRT@_W@ATL@@@@@ATL@@XZ 10009020 f   string.obj
 0001:00008070       ?SystemTimeToString@bapi@@YA?AV?$CStringT@_WV?$StrTraitMFC_DLL@_WV?$ChTraitsCRT@_W@ATL@@@@@ATL@@ABU_SYSTEMTIME@@@Z 10009070 f   string.obj
 0001:000081a0       ?SystemTimeToString2@bapi@@YA?AV?$CStringT@_WV?$StrTraitMFC_DLL@_WV?$ChTraitsCRT@_W@ATL@@@@@ATL@@ABU_SYSTEMTIME@@@Z 100091a0 f   string.obj
 0001:00008260       ?SystemTimeToStringEx@bapi@@YA?AV?$CStringT@_WV?$StrTraitMFC_DLL@_WV?$ChTraitsCRT@_W@ATL@@@@@ATL@@ABU_SYSTEMTIME@@_N@Z 10009260 f   string.obj
 0001:000084e0       ?SystemTimeToJustHourString@bapi@@YA?AV?$CStringT@_WV?$StrTraitMFC_DLL@_WV?$ChTraitsCRT@_W@ATL@@@@@ATL@@ABU_SYSTEMTIME@@@Z 100094e0 f   string.obj
 0001:000086d0       ?SystemtimeToFullString@bapi@@YA?AV?$CStringT@_WV?$StrTraitMFC_DLL@_WV?$ChTraitsCRT@_W@ATL@@@@@ATL@@ABU_SYSTEMTIME@@@Z 100096d0 f   string.obj
 0001:00008720       ?SystemtimeToMonthString@bapi@@YA?AV?$CStringT@_WV?$StrTraitMFC_DLL@_WV?$ChTraitsCRT@_W@ATL@@@@@ATL@@ABU_SYSTEMTIME@@@Z 10009720 f   string.obj
 0001:000088a0       ?SystemtimeToDayString@bapi@@YA?AV?$CStringT@_WV?$StrTraitMFC_DLL@_WV?$ChTraitsCRT@_W@ATL@@@@@ATL@@ABU_SYSTEMTIME@@@Z 100098a0 f   string.obj
 0001:00008990       ?SystemTimeToVariantTimeMS@bapi@@YANU_SYSTEMTIME@@@Z 10009990 f   string.obj
 0001:00008a10       ?VariantTimeToSystemTimeMS@bapi@@YA?AU_SYSTEMTIME@@N@Z 10009a10 f   string.obj
 0001:00008b10       ?GetLocalTime@bapi@@YA?AU_SYSTEMTIME@@XZ 10009b10 f   string.obj
 0001:00008b30       ?GetLocalTimeMS@bapi@@YANXZ 10009b30 f   string.obj
 0001:00008bc0       ?FindCharCut@bapi@@YA_NABV?$CStringT@_WV?$StrTraitMFC_DLL@_WV?$ChTraitsCRT@_W@ATL@@@@@ATL@@_WAAV23@2@Z 10009bc0 f   string.obj
 0001:00008ca0       ?FindCharCut@bapi@@YA_NABV?$CStringT@_WV?$StrTraitMFC_DLL@_WV?$ChTraitsCRT@_W@ATL@@@@@ATL@@V23@AAV23@2@Z 10009ca0 f   string.obj
 0001:00008d80       ?FindCharCutReverse@bapi@@YA_NABV?$CStringT@_WV?$StrTraitMFC_DLL@_WV?$ChTraitsCRT@_W@ATL@@@@@ATL@@_WAAV23@2@Z 10009d80 f   string.obj
 0001:00008e60       ?ConvertA2W@bapi@@YAPB_WPBDIAAV?$CAutoPtrArray@_W@ATL@@@Z 10009e60 f   string.obj
 0001:00008f80       ?ConvertW2A@bapi@@YAPBDPB_WIAAV?$CAutoPtrArray@D@ATL@@@Z 10009f80 f   string.obj
 0001:000090a0       ?GetConvertStringA@bapi@@YA?AV?$CStringT@DV?$StrTraitMFC_DLL@DV?$ChTraitsCRT@D@ATL@@@@@ATL@@V?$CStringT@_WV?$StrTraitMFC_DLL@_WV?$ChTraitsCRT@_W@ATL@@@@@3@@Z 1000a0a0 f   string.obj
 0001:000091c0       ??1?$CAutoPtrArray@D@ATL@@QAE@XZ 1000a1c0 f i string.obj
 0001:000091c0       ??1?$CAutoPtrArray@_W@ATL@@QAE@XZ 1000a1c0 f i string.obj
 0001:00009210       ?GetConvertStringW@bapi@@YA?AV?$CStringT@_WV?$StrTraitMFC_DLL@_WV?$ChTraitsCRT@_W@ATL@@@@@ATL@@V?$CStringT@DV?$StrTraitMFC_DLL@DV?$ChTraitsCRT@D@ATL@@@@@3@@Z 1000a210 f   string.obj
 0001:00009330       ??1?$CAutoPtr@D@ATL@@QAE@XZ 1000a330 f i string.obj
 0001:00009330       ??1?$CAutoPtr@_W@ATL@@QAE@XZ 1000a330 f i string.obj
 0001:00009350       ??$MakeNumberString@H@bapi@@YA?AV?$CStringT@_WV?$StrTraitMFC_DLL@_WV?$ChTraitsCRT@_W@ATL@@@@@ATL@@H@Z 1000a350 f i string.obj
 0001:00009500       ??$MakeNumberString@_J@bapi@@YA?AV?$CStringT@_WV?$StrTraitMFC_DLL@_WV?$ChTraitsCRT@_W@ATL@@@@@ATL@@_J@Z 1000a500 f i string.obj
 0001:00009700       ?Add@?$CAtlArray@V?$CAutoPtr@_W@ATL@@V?$CAutoPtrElementTraits@_W@2@@ATL@@QAEIAAV?$CAutoPtr@_W@2@@Z 1000a700 f i string.obj
 0001:00009700       ?Add@?$CAtlArray@V?$CAutoPtr@D@ATL@@V?$CAutoPtrElementTraits@D@2@@ATL@@QAEIAAV?$CAutoPtr@D@2@@Z 1000a700 f i string.obj
 0001:00009750       ?GrowBuffer@?$CAtlArray@V?$CAutoPtr@D@ATL@@V?$CAutoPtrElementTraits@D@2@@ATL@@AAE_NI@Z 1000a750 f i string.obj
 0001:00009750       ?GrowBuffer@?$CAtlArray@V?$CAutoPtr@_W@ATL@@V?$CAutoPtrElementTraits@_W@2@@ATL@@AAE_NI@Z 1000a750 f i string.obj
 0001:000097f0       ?AfxCrtErrorCheck@@YAHH@Z  1000a7f0 f i string.obj
 0001:00009880       ?AtlThrowImpl@ATL@@YGXJ@Z  1000a880 f i string.obj
 0001:000098a0       ?GetWinVersion@bapi@@YAHAAU_OSVERSIONINFOEXW@@@Z 1000a8a0 f   system.obj
 0001:00009940       ?GetWinVersion@bapi@@YAHAAK0@Z 1000a940 f   system.obj
 0001:00009a00       ?GetBuildVersion@bapi@@YAHAAK@Z 1000aa00 f   system.obj
 0001:00009ac0       ?GetPcName@bapi@@YA?AV?$CStringT@_WV?$StrTraitMFC_DLL@_WV?$ChTraitsCRT@_W@ATL@@@@@ATL@@XZ 1000aac0 f   system.obj
 0001:00009b40       ?GetUserNameW@bapi@@YA?AV?$CStringT@_WV?$StrTraitMFC_DLL@_WV?$ChTraitsCRT@_W@ATL@@@@@ATL@@_N@Z 1000ab40 f   system.obj
 0001:00009c40       ?GetLanAdapterList@bapi@@YA_NAAV?$vector@V?$CStringT@_WV?$StrTraitMFC_DLL@_WV?$ChTraitsCRT@_W@ATL@@@@@ATL@@V?$allocator@V?$CStringT@_WV?$StrTraitMFC_DLL@_WV?$ChTraitsCRT@_W@ATL@@@@@ATL@@@std@@@std@@00@Z 1000ac40 f   system.obj
 0001:0000a000       ?GetEncoderCLSID@bapi@@YAHQB_WAAU_GUID@@@Z 1000b000 f   system.obj
 0001:0000a120       ?IsSupportAutoMouseTracking@bapi@@YA_NXZ 1000b120 f   system.obj
 0001:0000a1b0       ?GetInstance@?$TSingleton@$$CBVSystemInfo@baro@@@baro@@SAABVSystemInfo@2@XZ 1000b1b0 f i system.obj
 0001:0000a240       ?clear@?$vector@V?$CStringT@_WV?$StrTraitMFC_DLL@_WV?$ChTraitsCRT@_W@ATL@@@@@ATL@@V?$allocator@V?$CStringT@_WV?$StrTraitMFC_DLL@_WV?$ChTraitsCRT@_W@ATL@@@@@ATL@@@std@@@std@@QAEXXZ 1000b240 f i system.obj
 0001:0000a280       ?GetDateEqualPos@bapi@@YA?AW4SystemtimePos@baro@@ABU_SYSTEMTIME@@0@Z 1000b280 f   time.obj
 0001:0000a2f0       ?GetTodayEqualPos@bapi@@YA?AW4SystemtimePos@baro@@ABU_SYSTEMTIME@@@Z 1000b2f0 f   time.obj
 0001:0000a330       ?CompareDate@bapi@@YAHABU_SYSTEMTIME@@0@Z 1000b330 f   time.obj
 0001:0000a3f0       ?CompareToday@bapi@@YAHABU_SYSTEMTIME@@@Z 1000b3f0 f   time.obj
 0001:0000a430       ?GetCursorWindow@bapi@@YAPAVCWnd@@XZ 1000b430 f   window.obj
 0001:0000a490       ?GetSystemTrayPosition@bapi@@YA_NAAVCPoint@@@Z 1000b490 f   window.obj
 0001:0000a510       ??0A256B64@baro@@QAE@V?$CStringT@DV?$StrTraitMFC_DLL@DV?$ChTraitsCRT@D@ATL@@@@@ATL@@KK@Z 1000b510 f   A256B64.obj
 0001:0000a590       ??0A256B64@baro@@QAE@V?$CStringT@_WV?$StrTraitMFC_DLL@_WV?$ChTraitsCRT@_W@ATL@@@@@ATL@@KK@Z 1000b590 f   A256B64.obj
 0001:0000a600       ??0A256B64@baro@@QAE@PBE0KK@Z 1000b600 f   A256B64.obj
 0001:0000a630       ?Release@A256B64@baro@@AAEXXZ 1000b630 f   A256B64.obj
 0001:0000a660       ?Initialize@A256B64@baro@@QAE_NV?$CStringT@DV?$StrTraitMFC_DLL@DV?$ChTraitsCRT@D@ATL@@@@@ATL@@KK@Z 1000b660 f   A256B64.obj
 0001:0000a770       ?Initialize@A256B64@baro@@QAE_NPBE0KK@Z 1000b770 f   A256B64.obj
 0001:0000a950       ?EncryptA@A256B64@baro@@QBEIPBDAAV?$CStringT@DV?$StrTraitMFC_DLL@DV?$ChTraitsCRT@D@ATL@@@@@ATL@@@Z 1000b950 f   A256B64.obj
 0001:0000aa70       ?DecryptA@A256B64@baro@@QBEIPBDAAV?$CStringT@DV?$StrTraitMFC_DLL@DV?$ChTraitsCRT@D@ATL@@@@@ATL@@@Z 1000ba70 f   A256B64.obj
 0001:0000ab90       ?GetBuffer@?$TBuffer@E@baro@@QBEPBEI@Z 1000bb90 f i A256B64.obj
 0001:0000ab90       ?GetBuffer@Stream@baro@@QAEPBEI@Z 1000bb90 f i Stream.obj
 0001:0000abb0       ?Update@?$TBuffer@E@baro@@QAEIIPBEI@Z 1000bbb0 f i A256B64.obj
 0001:0000ac40       ??1?$TBuffer@E@baro@@UAE@XZ 1000bc40 f i A256B64.obj
 0001:0000ac70       ??_E?$TBuffer@E@baro@@UAEPAXI@Z 1000bc70 f i A256B64.obj
 0001:0000acf0       ??0?$TBuffer@E@baro@@QAE@XZ 1000bcf0 f i A256B64.obj
 0001:0000ad10       ??0CryptBuffer@baro@@QAE@I@Z 1000bd10 f   CryptBuffer.obj
 0001:0000ad80       ??0CryptBuffer@baro@@QAE@AAV01@@Z 1000bd80 f   CryptBuffer.obj
 0001:0000ae10       ??0CryptBuffer@baro@@QAE@PBD@Z 1000be10 f   CryptBuffer.obj
 0001:0000aea0       ??0CryptBuffer@baro@@QAE@PB_W@Z 1000bea0 f   CryptBuffer.obj
 0001:0000af10       ??0CryptBuffer@baro@@QAE@PBXI@Z 1000bf10 f   CryptBuffer.obj
 0001:0000af90       ??1CryptBuffer@baro@@UAE@XZ 1000bf90 f   CryptBuffer.obj
 0001:0000afc0       ??4CryptBuffer@baro@@QAEAAV01@ABV01@@Z 1000bfc0 f   CryptBuffer.obj
 0001:0000b020       ?GetStrBuffer@CryptBuffer@baro@@QAEPBDXZ 1000c020 f   CryptBuffer.obj
 0001:0000b040       ?GetInitHeaderPtr@Stream@baro@@QBEPBVStreamHeader@2@XZ 1000c040 f   Stream.obj
 0001:0000b040       ?GetLength@CryptBuffer@baro@@QAEIXZ 1000c040 f   CryptBuffer.obj
 0001:0000b050       ?IsValid@CryptBuffer@baro@@QAE_NXZ 1000c050 f   CryptBuffer.obj
 0001:0000b070       ?ReAllocate@CryptBuffer@baro@@QAE_NI@Z 1000c070 f   CryptBuffer.obj
 0001:0000b0f0       ?Delete@CryptBuffer@baro@@QAEXXZ 1000c0f0 f   CryptBuffer.obj
 0001:0000b120       ?Update@CryptBuffer@baro@@QAE_NIPBXI@Z 1000c120 f   CryptBuffer.obj
 0001:0000b170       ?UpdateA@CryptBuffer@baro@@QAE_NIPBD@Z 1000c170 f   CryptBuffer.obj
 0001:0000b1d0       ?UpdateW@CryptBuffer@baro@@QAE_NIPB_W@Z 1000c1d0 f   CryptBuffer.obj
 0001:0000b280       ?UTF8toANSI@CryptBuffer@baro@@QAE_NXZ 1000c280 f   CryptBuffer.obj
 0001:0000b400       ?ANSItoUTF8@CryptBuffer@baro@@QAE_NXZ 1000c400 f   CryptBuffer.obj
 0001:0000b580       ?EncryptBase64A@CryptBuffer@baro@@QAE_NXZ 1000c580 f   CryptBuffer.obj
 0001:0000b6c0       ?DecryptBase64A@CryptBuffer@baro@@QAE_NXZ 1000c6c0 f   CryptBuffer.obj
 0001:0000b810       ?CryptEncrypt@CryptBuffer@baro@@QAE_NVCryptHandle@2@PAK@Z 1000c810 f   CryptBuffer.obj
 0001:0000b8a0       ?CryptEncrypt@CryptBuffer@baro@@QAE_NKKPAK@Z 1000c8a0 f   CryptBuffer.obj
 0001:0000ba40       ?CryptDecrypt@CryptBuffer@baro@@QAE_NVCryptHandle@2@PAK@Z 1000ca40 f   CryptBuffer.obj
 0001:0000bad0       ?CryptDecrypt@CryptBuffer@baro@@QAE_NKKPAK@Z 1000cad0 f   CryptBuffer.obj
 0001:0000bc20       ?Print@CryptBuffer@baro@@QAEXXZ 1000cc20 f   CryptBuffer.obj
 0001:0000bcd0       ?CheckLastError@CryptBuffer@baro@@AAEXPAK@Z 1000ccd0 f   CryptBuffer.obj
 0001:0000bcf0       ??_ECryptBuffer@baro@@UAEPAXI@Z 1000ccf0 f i CryptBuffer.obj
 0001:0000bd70       ??1CheckPointer@baro@@MAE@XZ 1000cd70 f i CryptBuffer.obj
 0001:0000bd80       ??_ECheckPointer@baro@@MAEPAXI@Z 1000cd80 f i CryptBuffer.obj
 0001:0000bde0       ??0CheckPointer@baro@@IAE@XZ 1000cde0 f i CryptBuffer.obj
 0001:0000bdf0       ??0CryptHandle@baro@@QAE@_N@Z 1000cdf0 f   CryptFactory.obj
 0001:0000be20       ??0CryptHandle@baro@@QAE@ABV01@@Z 1000ce20 f   CryptFactory.obj
 0001:0000be40       ??4CryptHandle@baro@@QAEAAV01@ABV01@@Z 1000ce40 f   CryptFactory.obj
 0001:0000beb0       ?Release@CryptHandle@baro@@QAEXXZ 1000ceb0 f   CryptFactory.obj
 0001:0000beb0       ??1CryptHandle@baro@@QAE@XZ 1000ceb0 f   CryptFactory.obj
 0001:0000bf00       ?IsValid@CryptHandle@baro@@QBE_NXZ 1000cf00 f   CryptFactory.obj
 0001:0000bf20       ?CreateAES256@CryptFactory@baro@@YA?AV?$shared_ptr@VCryptHandle@baro@@@std@@V?$CStringT@DV?$StrTraitMFC_DLL@DV?$ChTraitsCRT@D@ATL@@@@@ATL@@_NKK@Z 1000cf20 f   CryptFactory.obj
 0001:0000c060       ?CreateAES256@CryptFactory@baro@@YA?AV?$shared_ptr@VCryptHandle@baro@@@std@@V?$CStringT@_WV?$StrTraitMFC_DLL@_WV?$ChTraitsCRT@_W@ATL@@@@@ATL@@_NKK@Z 1000d060 f   CryptFactory.obj
 0001:0000c0e0       ?CreateAES256@CryptFactory@baro@@YA?AV?$shared_ptr@VCryptHandle@baro@@@std@@PBE0KK@Z 1000d0e0 f   CryptFactory.obj
 0001:0000c2d0       ?EncryptWidhBase64A@CryptFactory@baro@@YAIPBVCryptHandle@2@PBDAAV?$CStringT@DV?$StrTraitMFC_DLL@DV?$ChTraitsCRT@D@ATL@@@@@ATL@@@Z 1000d2d0 f   CryptFactory.obj
 0001:0000c3f0       ?DecryptWithBase64A@CryptFactory@baro@@YAIPBVCryptHandle@2@PBDAAV?$CStringT@DV?$StrTraitMFC_DLL@DV?$ChTraitsCRT@D@ATL@@@@@ATL@@@Z 1000d3f0 f   CryptFactory.obj
 0001:0000c510       ?CreateHash@CryptFactory@baro@@YA?AV?$TBuffer@E@2@IPBEI@Z 1000d510 f   CryptFactory.obj
 0001:0000c720       ?CreateHash@CryptFactory@baro@@YA?AV?$TBuffer@E@2@IABV32@@Z 1000d720 f   CryptFactory.obj
 0001:0000c760       ??0?$shared_ptr@VCryptHandle@baro@@@std@@QAE@$$QAV01@@Z 1000d760 f i CryptFactory.obj
 0001:0000c7a0       ??1?$shared_ptr@VCryptHandle@baro@@@std@@QAE@XZ 1000d7a0 f i CryptFactory.obj
 0001:0000c7a0       ??1?$shared_ptr@VPointCoord@baro@@@std@@QAE@XZ 1000d7a0 f i CustomGraph.obj
 0001:0000c7e0       ??$make_shared@VCryptHandle@baro@@_N@std@@YA?AV?$shared_ptr@VCryptHandle@baro@@@0@$$QA_N@Z 1000d7e0 f i CryptFactory.obj
 0001:0000c890       ?_Destroy@?$_Ref_count_obj@VCryptHandle@baro@@@std@@EAEXXZ 1000d890 f i CryptFactory.obj
 0001:0000c8e0       ?_Delete_this@?$_Ref_count_obj@VPointCoord@baro@@@std@@EAEXXZ 1000d8e0 f i CustomGraph.obj
 0001:0000c8e0       ?_Delete_this@?$_Ref_count_obj@VCryptHandle@baro@@@std@@EAEXXZ 1000d8e0 f i CryptFactory.obj
 0001:0000c8f0       ??_E?$_Ref_count_obj@VPointCoord@baro@@@std@@UAEPAXI@Z 1000d8f0 f i * CIL library *:* CIL module *
 0001:0000c8f0       ??_G?$_Ref_count_obj@VPointCoord@baro@@@std@@UAEPAXI@Z 1000d8f0 f i CustomGraph.obj
 0001:0000c8f0       ??_G?$_Ref_count_obj@VCryptHandle@baro@@@std@@UAEPAXI@Z 1000d8f0 f i CryptFactory.obj
 0001:0000c8f0       ??_G_Ref_count_base@std@@UAEPAXI@Z 1000d8f0 f i CryptFactory.obj
 0001:0000c8f0       ??_E_Ref_count_base@std@@UAEPAXI@Z 1000d8f0 f i * CIL library *:* CIL module *
 0001:0000c8f0       ??_E?$_Ref_count_obj@VCryptHandle@baro@@@std@@UAEPAXI@Z 1000d8f0 f i * CIL library *:* CIL module *
 0001:0000c920       ??1_Ref_count_base@std@@UAE@XZ 1000d920 f i CryptFactory.obj
 0001:0000c930       ?_Get_deleter@_Ref_count_base@std@@UBEPAXABVtype_info@@@Z 1000d930 f i CryptFactory.obj
 0001:0000c930       ?OnIdle@MsgThread@baro@@UAEHJ@Z 1000d930 f i MsgThread.obj
 0001:0000c940       ??4?$TBuffer@E@baro@@QAEAAV01@ABV01@@Z 1000d940 f i CryptFactory.obj
 0001:0000c960       ??0?$TBuffer@E@baro@@QAE@ABV01@@Z 1000d960 f i CryptFactory.obj
 0001:0000c990       ??0Sqlite@baro@@QAE@XZ     1000d990 f   Sqlite.obj
 0001:0000c9e0       ??1Sqlite@baro@@QAE@XZ     1000d9e0 f   Sqlite.obj
 0001:0000c9f0       ?ErrorParam@Sqlite@baro@@AAE_NXZ 1000d9f0 f   Sqlite.obj
 0001:0000ca00       ?GetLastErrorMessage@Sqlite@baro@@QAE?AV?$CStringT@_WV?$StrTraitMFC_DLL@_WV?$ChTraitsCRT@_W@ATL@@@@@ATL@@XZ 1000da00 f   Sqlite.obj
 0001:0000ca50       ?MakeString@Sqlite@baro@@QAE?AV?$CStringT@_WV?$StrTraitMFC_DLL@_WV?$ChTraitsCRT@_W@ATL@@@@@ATL@@AAV?$vector@V?$CStringT@_WV?$StrTraitMFC_DLL@_WV?$ChTraitsCRT@_W@ATL@@@@@ATL@@V?$allocator@V?$CStringT@_WV?$StrTraitMFC_DLL@_WV?$ChTraitsCRT@_W@ATL@@@@@ATL@@@std@@@std@@V34@@Z 1000da50 f   Sqlite.obj
 0001:0000cb30       ?Open@Sqlite@baro@@QAE_NV?$CStringT@_WV?$StrTraitMFC_DLL@_WV?$ChTraitsCRT@_W@ATL@@@@@ATL@@@Z 1000db30 f   Sqlite.obj
 0001:0000cc30       ?Close@Sqlite@baro@@QAE_NXZ 1000dc30 f   Sqlite.obj
 0001:0000cd10       ?DML@Sqlite@baro@@AAE_NPB_WAAH@Z 1000dd10 f   Sqlite.obj
 0001:0000cdc0       ?GetTableInfo@Sqlite@baro@@QAE_NV?$CStringT@_WV?$StrTraitMFC_DLL@_WV?$ChTraitsCRT@_W@ATL@@@@@ATL@@AAV?$vector@V?$CStringT@_WV?$StrTraitMFC_DLL@_WV?$ChTraitsCRT@_W@ATL@@@@@ATL@@V?$allocator@V?$CStringT@_WV?$StrTraitMFC_DLL@_WV?$ChTraitsCRT@_W@ATL@@@@@ATL@@@std@@@std@@AAH@Z 1000ddc0 f   Sqlite.obj
 0001:0000d100       ?CreateTable@Sqlite@baro@@QAE_NV?$CStringT@_WV?$StrTraitMFC_DLL@_WV?$ChTraitsCRT@_W@ATL@@@@@ATL@@AAV?$vector@V?$CStringT@_WV?$StrTraitMFC_DLL@_WV?$ChTraitsCRT@_W@ATL@@@@@ATL@@V?$allocator@V?$CStringT@_WV?$StrTraitMFC_DLL@_WV?$ChTraitsCRT@_W@ATL@@@@@ATL@@@std@@@std@@@Z 1000e100 f   Sqlite.obj
 0001:0000d290       ?DeleteTable@Sqlite@baro@@QAE_NV?$CStringT@_WV?$StrTraitMFC_DLL@_WV?$ChTraitsCRT@_W@ATL@@@@@ATL@@@Z 1000e290 f   Sqlite.obj
 0001:0000d380       ?BeginTransaction@Sqlite@baro@@QAE_NXZ 1000e380 f   Sqlite.obj
 0001:0000d450       ?CommitTransaction@Sqlite@baro@@QAE_NXZ 1000e450 f   Sqlite.obj
 0001:0000d520       ?RollbackTransaction@Sqlite@baro@@QAE_NXZ 1000e520 f   Sqlite.obj
 0001:0000d5f0       ?InsertField@Sqlite@baro@@QAE_NV?$CStringT@_WV?$StrTraitMFC_DLL@_WV?$ChTraitsCRT@_W@ATL@@@@@ATL@@0@Z 1000e5f0 f   Sqlite.obj
 0001:0000d6f0       ?DeleteField@Sqlite@baro@@QAE_NV?$CStringT@_WV?$StrTraitMFC_DLL@_WV?$ChTraitsCRT@_W@ATL@@@@@ATL@@0@Z 1000e6f0 f   Sqlite.obj
 0001:0000d7f0       ?InsertRow@Sqlite@baro@@QAE_NV?$CStringT@_WV?$StrTraitMFC_DLL@_WV?$ChTraitsCRT@_W@ATL@@@@@ATL@@AAV?$vector@V?$CStringT@_WV?$StrTraitMFC_DLL@_WV?$ChTraitsCRT@_W@ATL@@@@@ATL@@V?$allocator@V?$CStringT@_WV?$StrTraitMFC_DLL@_WV?$ChTraitsCRT@_W@ATL@@@@@ATL@@@std@@@std@@1_N@Z 1000e7f0 f   Sqlite.obj
 0001:0000d9f0       ?DeleteRow@Sqlite@baro@@QAE_NV?$CStringT@_WV?$StrTraitMFC_DLL@_WV?$ChTraitsCRT@_W@ATL@@@@@ATL@@0@Z 1000e9f0 f   Sqlite.obj
 0001:0000db10       ?Select@Sqlite@baro@@QAE_NV?$CStringT@_WV?$StrTraitMFC_DLL@_WV?$ChTraitsCRT@_W@ATL@@@@@ATL@@AAV?$map@V?$CStringT@_WV?$StrTraitMFC_DLL@_WV?$ChTraitsCRT@_W@ATL@@@@@ATL@@V?$vector@V?$CStringT@_WV?$StrTraitMFC_DLL@_WV?$ChTraitsCRT@_W@ATL@@@@@ATL@@V?$allocator@V?$CStringT@_WV?$StrTraitMFC_DLL@_WV?$ChTraitsCRT@_W@ATL@@@@@ATL@@@std@@@std@@U?$less@V?$CStringT@_WV?$StrTraitMFC_DLL@_WV?$ChTraitsCRT@_W@ATL@@@@@ATL@@@4@V?$allocator@U?$pair@$$CBV?$CStringT@_WV?$StrTraitMFC_DLL@_WV?$ChTraitsCRT@_W@ATL@@@@@ATL@@V?$vector@V?$CStringT@_WV?$StrTraitMFC_DLL@_WV?$ChTraitsCRT@_W@ATL@@@@@ATL@@V?$allocator@V?$CStringT@_WV?$StrTraitMFC_DLL@_WV?$ChTraitsCRT@_W@ATL@@@@@ATL@@@std@@@std@@@std@@@4@@std@@00@Z 1000eb10 f   Sqlite.obj
 0001:0000e050       ??1?$pair@V?$CStringT@_WV?$StrTraitMFC_DLL@_WV?$ChTraitsCRT@_W@ATL@@@@@ATL@@V?$vector@V?$CStringT@_WV?$StrTraitMFC_DLL@_WV?$ChTraitsCRT@_W@ATL@@@@@ATL@@V?$allocator@V?$CStringT@_WV?$StrTraitMFC_DLL@_WV?$ChTraitsCRT@_W@ATL@@@@@ATL@@@std@@@std@@@std@@QAE@XZ 1000f050 f i Sqlite.obj
 0001:0000e050       ??1?$pair@$$CBV?$CStringT@_WV?$StrTraitMFC_DLL@_WV?$ChTraitsCRT@_W@ATL@@@@@ATL@@V?$vector@V?$CStringT@_WV?$StrTraitMFC_DLL@_WV?$ChTraitsCRT@_W@ATL@@@@@ATL@@V?$allocator@V?$CStringT@_WV?$StrTraitMFC_DLL@_WV?$ChTraitsCRT@_W@ATL@@@@@ATL@@@std@@@std@@@std@@QAE@XZ 1000f050 f i Sqlite.obj
 0001:0000e0a0       ?Update@Sqlite@baro@@QAE_NV?$CStringT@_WV?$StrTraitMFC_DLL@_WV?$ChTraitsCRT@_W@ATL@@@@@ATL@@00@Z 1000f0a0 f   Sqlite.obj
 0001:0000e1b0       ?QueryDirect@Sqlite@baro@@QAE_NPB_WV?$function@$$A6A_NAAVSqliteQueryResult@baro@@@Z@std@@@Z 1000f1b0 f   Sqlite.obj
 0001:0000e2d0       ?clear@?$_Tree@V?$_Tmap_traits@V?$CStringT@_WV?$StrTraitMFC_DLL@_WV?$ChTraitsCRT@_W@ATL@@@@@ATL@@V?$vector@V?$CStringT@_WV?$StrTraitMFC_DLL@_WV?$ChTraitsCRT@_W@ATL@@@@@ATL@@V?$allocator@V?$CStringT@_WV?$StrTraitMFC_DLL@_WV?$ChTraitsCRT@_W@ATL@@@@@ATL@@@std@@@std@@U?$less@V?$CStringT@_WV?$StrTraitMFC_DLL@_WV?$ChTraitsCRT@_W@ATL@@@@@ATL@@@4@V?$allocator@U?$pair@$$CBV?$CStringT@_WV?$StrTraitMFC_DLL@_WV?$ChTraitsCRT@_W@ATL@@@@@ATL@@V?$vector@V?$CStringT@_WV?$StrTraitMFC_DLL@_WV?$ChTraitsCRT@_W@ATL@@@@@ATL@@V?$allocator@V?$CStringT@_WV?$StrTraitMFC_DLL@_WV?$ChTraitsCRT@_W@ATL@@@@@ATL@@@std@@@std@@@std@@@4@$0A@@std@@@std@@QAEXXZ 1000f2d0 f i Sqlite.obj
 0001:0000e300       ?_Erase@?$_Tree@V?$_Tmap_traits@V?$CStringT@_WV?$StrTraitMFC_DLL@_WV?$ChTraitsCRT@_W@ATL@@@@@ATL@@V?$vector@V?$CStringT@_WV?$StrTraitMFC_DLL@_WV?$ChTraitsCRT@_W@ATL@@@@@ATL@@V?$allocator@V?$CStringT@_WV?$StrTraitMFC_DLL@_WV?$ChTraitsCRT@_W@ATL@@@@@ATL@@@std@@@std@@U?$less@V?$CStringT@_WV?$StrTraitMFC_DLL@_WV?$ChTraitsCRT@_W@ATL@@@@@ATL@@@4@V?$allocator@U?$pair@$$CBV?$CStringT@_WV?$StrTraitMFC_DLL@_WV?$ChTraitsCRT@_W@ATL@@@@@ATL@@V?$vector@V?$CStringT@_WV?$StrTraitMFC_DLL@_WV?$ChTraitsCRT@_W@ATL@@@@@ATL@@V?$allocator@V?$CStringT@_WV?$StrTraitMFC_DLL@_WV?$ChTraitsCRT@_W@ATL@@@@@ATL@@@std@@@std@@@std@@@4@$0A@@std@@@std@@IAEXPAU?$_Tree_node@U?$pair@$$CBV?$CStringT@_WV?$StrTraitMFC_DLL@_WV?$ChTraitsCRT@_W@ATL@@@@@ATL@@V?$vector@V?$CStringT@_WV?$StrTraitMFC_DLL@_WV?$ChTraitsCRT@_W@ATL@@@@@ATL@@V?$allocator@V?$CStringT@_WV?$StrTraitMFC_DLL@_WV?$ChTraitsCRT@_W@ATL@@@@@ATL@@@std@@@std@@@std@@PAX@2@@Z 1000f300 f i Sqlite.obj
 0001:0000e3a0       ??$Query@VCppSqlite3Query@@@Sqlite@baro@@AAE_NPB_WAAVCppSqlite3Query@@@Z 1000f3a0 f i Sqlite.obj
 0001:0000e460       ??$make_pair@AAV?$CStringT@_WV?$StrTraitMFC_DLL@_WV?$ChTraitsCRT@_W@ATL@@@@@ATL@@AAV?$vector@V?$CStringT@_WV?$StrTraitMFC_DLL@_WV?$ChTraitsCRT@_W@ATL@@@@@ATL@@V?$allocator@V?$CStringT@_WV?$StrTraitMFC_DLL@_WV?$ChTraitsCRT@_W@ATL@@@@@ATL@@@std@@@std@@@std@@YA?AU?$pair@V?$CStringT@_WV?$StrTraitMFC_DLL@_WV?$ChTraitsCRT@_W@ATL@@@@@ATL@@V?$vector@V?$CStringT@_WV?$StrTraitMFC_DLL@_WV?$ChTraitsCRT@_W@ATL@@@@@ATL@@V?$allocator@V?$CStringT@_WV?$StrTraitMFC_DLL@_WV?$ChTraitsCRT@_W@ATL@@@@@ATL@@@std@@@std@@@0@AAV?$CStringT@_WV?$StrTraitMFC_DLL@_WV?$ChTraitsCRT@_W@ATL@@@@@ATL@@AAV?$vector@V?$CStringT@_WV?$StrTraitMFC_DLL@_WV?$ChTraitsCRT@_W@ATL@@@@@ATL@@V?$allocator@V?$CStringT@_WV?$StrTraitMFC_DLL@_WV?$ChTraitsCRT@_W@ATL@@@@@ATL@@@std@@@0@@Z 1000f460 f i Sqlite.obj
 0001:0000e4c0       ??$_Buynode@U?$pair@V?$CStringT@_WV?$StrTraitMFC_DLL@_WV?$ChTraitsCRT@_W@ATL@@@@@ATL@@V?$vector@V?$CStringT@_WV?$StrTraitMFC_DLL@_WV?$ChTraitsCRT@_W@ATL@@@@@ATL@@V?$allocator@V?$CStringT@_WV?$StrTraitMFC_DLL@_WV?$ChTraitsCRT@_W@ATL@@@@@ATL@@@std@@@std@@@std@@@?$_Tree_buy@U?$pair@$$CBV?$CStringT@_WV?$StrTraitMFC_DLL@_WV?$ChTraitsCRT@_W@ATL@@@@@ATL@@V?$vector@V?$CStringT@_WV?$StrTraitMFC_DLL@_WV?$ChTraitsCRT@_W@ATL@@@@@ATL@@V?$allocator@V?$CStringT@_WV?$StrTraitMFC_DLL@_WV?$ChTraitsCRT@_W@ATL@@@@@ATL@@@std@@@std@@@std@@V?$allocator@U?$pair@$$CBV?$CStringT@_WV?$StrTraitMFC_DLL@_WV?$ChTraitsCRT@_W@ATL@@@@@ATL@@V?$vector@V?$CStringT@_WV?$StrTraitMFC_DLL@_WV?$ChTraitsCRT@_W@ATL@@@@@ATL@@V?$allocator@V?$CStringT@_WV?$StrTraitMFC_DLL@_WV?$ChTraitsCRT@_W@ATL@@@@@ATL@@@std@@@std@@@std@@@2@@std@@QAEPAU?$_Tree_node@U?$pair@$$CBV?$CStringT@_WV?$StrTraitMFC_DLL@_WV?$ChTraitsCRT@_W@ATL@@@@@ATL@@V?$vector@V?$CStringT@_WV?$StrTraitMFC_DLL@_WV?$ChTraitsCRT@_W@ATL@@@@@ATL@@V?$allocator@V?$CStringT@_WV?$StrTraitMFC_DLL@_WV?$ChTraitsCRT@_W@ATL@@@@@ATL@@@std@@@std@@@std@@PAX@1@$$QAU?$pair@V?$CStringT@_WV?$StrTraitMFC_DLL@_WV?$ChTraitsCRT@_W@ATL@@@@@ATL@@V?$vector@V?$CStringT@_WV?$StrTraitMFC_DLL@_WV?$ChTraitsCRT@_W@ATL@@@@@ATL@@V?$allocator@V?$CStringT@_WV?$StrTraitMFC_DLL@_WV?$ChTraitsCRT@_W@ATL@@@@@ATL@@@std@@@std@@@1@@Z 1000f4c0 f i Sqlite.obj
 0001:0000e590       ??$_Insert_nohint@AAU?$pair@$$CBV?$CStringT@_WV?$StrTraitMFC_DLL@_WV?$ChTraitsCRT@_W@ATL@@@@@ATL@@V?$vector@V?$CStringT@_WV?$StrTraitMFC_DLL@_WV?$ChTraitsCRT@_W@ATL@@@@@ATL@@V?$allocator@V?$CStringT@_WV?$StrTraitMFC_DLL@_WV?$ChTraitsCRT@_W@ATL@@@@@ATL@@@std@@@std@@@std@@PAU?$_Tree_node@U?$pair@$$CBV?$CStringT@_WV?$StrTraitMFC_DLL@_WV?$ChTraitsCRT@_W@ATL@@@@@ATL@@V?$vector@V?$CStringT@_WV?$StrTraitMFC_DLL@_WV?$ChTraitsCRT@_W@ATL@@@@@ATL@@V?$allocator@V?$CStringT@_WV?$StrTraitMFC_DLL@_WV?$ChTraitsCRT@_W@ATL@@@@@ATL@@@std@@@std@@@std@@PAX@2@@?$_Tree@V?$_Tmap_traits@V?$CStringT@_WV?$StrTraitMFC_DLL@_WV?$ChTraitsCRT@_W@ATL@@@@@ATL@@V?$vector@V?$CStringT@_WV?$StrTraitMFC_DLL@_WV?$ChTraitsCRT@_W@ATL@@@@@ATL@@V?$allocator@V?$CStringT@_WV?$StrTraitMFC_DLL@_WV?$ChTraitsCRT@_W@ATL@@@@@ATL@@@std@@@std@@U?$less@V?$CStringT@_WV?$StrTraitMFC_DLL@_WV?$ChTraitsCRT@_W@ATL@@@@@ATL@@@4@V?$allocator@U?$pair@$$CBV?$CStringT@_WV?$StrTraitMFC_DLL@_WV?$ChTraitsCRT@_W@ATL@@@@@ATL@@V?$vector@V?$CStringT@_WV?$StrTraitMFC_DLL@_WV?$ChTraitsCRT@_W@ATL@@@@@ATL@@V?$allocator@V?$CStringT@_WV?$StrTraitMFC_DLL@_WV?$ChTraitsCRT@_W@ATL@@@@@ATL@@@std@@@std@@@std@@@4@$0A@@std@@@std@@IAE?AU?$pair@V?$_Tree_iterator@V?$_Tree_val@U?$_Tree_simple_types@U?$pair@$$CBV?$CStringT@_WV?$StrTraitMFC_DLL@_WV?$ChTraitsCRT@_W@ATL@@@@@ATL@@V?$vector@V?$CStringT@_WV?$StrTraitMFC_DLL@_WV?$ChTraitsCRT@_W@ATL@@@@@ATL@@V?$allocator@V?$CStringT@_WV?$StrTraitMFC_DLL@_WV?$ChTraitsCRT@_W@ATL@@@@@ATL@@@std@@@std@@@std@@@std@@@std@@@std@@_N@1@_NAAU?$pair@$$CBV?$CStringT@_WV?$StrTraitMFC_DLL@_WV?$ChTraitsCRT@_W@ATL@@@@@ATL@@V?$vector@V?$CStringT@_WV?$StrTraitMFC_DLL@_WV?$ChTraitsCRT@_W@ATL@@@@@ATL@@V?$allocator@V?$CStringT@_WV?$StrTraitMFC_DLL@_WV?$ChTraitsCRT@_W@ATL@@@@@ATL@@@std@@@std@@@1@PAU?$_Tree_node@U?$pair@$$CBV?$CStringT@_WV?$StrTraitMFC_DLL@_WV?$ChTraitsCRT@_W@ATL@@@@@ATL@@V?$vector@V?$CStringT@_WV?$StrTraitMFC_DLL@_WV?$ChTraitsCRT@_W@ATL@@@@@ATL@@V?$allocator@V?$CStringT@_WV?$StrTraitMFC_DLL@_WV?$ChTraitsCRT@_W@ATL@@@@@ATL@@@std@@@std@@@std@@PAX@1@@Z 1000f590 f i Sqlite.obj
 0001:0000e6f0       ??0?$vector@V?$CStringT@_WV?$StrTraitMFC_DLL@_WV?$ChTraitsCRT@_W@ATL@@@@@ATL@@V?$allocator@V?$CStringT@_WV?$StrTraitMFC_DLL@_WV?$ChTraitsCRT@_W@ATL@@@@@ATL@@@std@@@std@@QAE@ABV01@@Z 1000f6f0 f i Sqlite.obj
 0001:0000e790       ?_Destroy_if_not_nil@?$_Tree@V?$_Tmap_traits@V?$CStringT@_WV?$StrTraitMFC_DLL@_WV?$ChTraitsCRT@_W@ATL@@@@@ATL@@V?$vector@V?$CStringT@_WV?$StrTraitMFC_DLL@_WV?$ChTraitsCRT@_W@ATL@@@@@ATL@@V?$allocator@V?$CStringT@_WV?$StrTraitMFC_DLL@_WV?$ChTraitsCRT@_W@ATL@@@@@ATL@@@std@@@std@@U?$less@V?$CStringT@_WV?$StrTraitMFC_DLL@_WV?$ChTraitsCRT@_W@ATL@@@@@ATL@@@4@V?$allocator@U?$pair@$$CBV?$CStringT@_WV?$StrTraitMFC_DLL@_WV?$ChTraitsCRT@_W@ATL@@@@@ATL@@V?$vector@V?$CStringT@_WV?$StrTraitMFC_DLL@_WV?$ChTraitsCRT@_W@ATL@@@@@ATL@@V?$allocator@V?$CStringT@_WV?$StrTraitMFC_DLL@_WV?$ChTraitsCRT@_W@ATL@@@@@ATL@@@std@@@std@@@std@@@4@$0A@@std@@@std@@IAEXPAU?$_Tree_node@U?$pair@$$CBV?$CStringT@_WV?$StrTraitMFC_DLL@_WV?$ChTraitsCRT@_W@ATL@@@@@ATL@@V?$vector@V?$CStringT@_WV?$StrTraitMFC_DLL@_WV?$ChTraitsCRT@_W@ATL@@@@@ATL@@V?$allocator@V?$CStringT@_WV?$StrTraitMFC_DLL@_WV?$ChTraitsCRT@_W@ATL@@@@@ATL@@@std@@@std@@@std@@PAX@2@@Z 1000f790 f i Sqlite.obj
 0001:0000e7b0       ?_Buynode0@?$_Tree_buy@U?$pair@$$CBV?$CStringT@_WV?$StrTraitMFC_DLL@_WV?$ChTraitsCRT@_W@ATL@@@@@ATL@@V?$vector@V?$CStringT@_WV?$StrTraitMFC_DLL@_WV?$ChTraitsCRT@_W@ATL@@@@@ATL@@V?$allocator@V?$CStringT@_WV?$StrTraitMFC_DLL@_WV?$ChTraitsCRT@_W@ATL@@@@@ATL@@@std@@@std@@@std@@V?$allocator@U?$pair@$$CBV?$CStringT@_WV?$StrTraitMFC_DLL@_WV?$ChTraitsCRT@_W@ATL@@@@@ATL@@V?$vector@V?$CStringT@_WV?$StrTraitMFC_DLL@_WV?$ChTraitsCRT@_W@ATL@@@@@ATL@@V?$allocator@V?$CStringT@_WV?$StrTraitMFC_DLL@_WV?$ChTraitsCRT@_W@ATL@@@@@ATL@@@std@@@std@@@std@@@2@@std@@QAEPAU?$_Tree_node@U?$pair@$$CBV?$CStringT@_WV?$StrTraitMFC_DLL@_WV?$ChTraitsCRT@_W@ATL@@@@@ATL@@V?$vector@V?$CStringT@_WV?$StrTraitMFC_DLL@_WV?$ChTraitsCRT@_W@ATL@@@@@ATL@@V?$allocator@V?$CStringT@_WV?$StrTraitMFC_DLL@_WV?$ChTraitsCRT@_W@ATL@@@@@ATL@@@std@@@std@@@std@@PAX@2@XZ 1000f7b0 f i Sqlite.obj
 0001:0000e7f0       ??F?$_Tree_unchecked_const_iterator@V?$_Tree_val@U?$_Tree_simple_types@U?$pair@$$CBV?$CStringT@_WV?$StrTraitMFC_DLL@_WV?$ChTraitsCRT@_W@ATL@@@@@ATL@@U?$pair@II@std@@@std@@@std@@@std@@U_Iterator_base0@2@@std@@QAEAAV01@XZ 1000f7f0 f i Logger.obj
 0001:0000e7f0       ??F?$_Tree_unchecked_const_iterator@V?$_Tree_val@U?$_Tree_simple_types@U?$pair@$$CBHVColor@Gdiplus@@@std@@@std@@@std@@U_Iterator_base0@2@@std@@QAEAAV01@XZ 1000f7f0 f i GradientRect.obj
 0001:0000e7f0       ??F?$_Tree_unchecked_const_iterator@V?$_Tree_val@U?$_Tree_simple_types@U?$pair@$$CBV?$CStringT@_WV?$StrTraitMFC_DLL@_WV?$ChTraitsCRT@_W@ATL@@@@@ATL@@V12@@std@@@std@@@std@@U_Iterator_base0@2@@std@@QAEAAV01@XZ 1000f7f0 f i stdafx.obj
 0001:0000e7f0       ??F?$_Tree_unchecked_const_iterator@V?$_Tree_val@U?$_Tree_simple_types@U?$pair@$$CBV?$CStringT@_WV?$StrTraitMFC_DLL@_WV?$ChTraitsCRT@_W@ATL@@@@@ATL@@V?$vector@V?$CStringT@_WV?$StrTraitMFC_DLL@_WV?$ChTraitsCRT@_W@ATL@@@@@ATL@@V?$allocator@V?$CStringT@_WV?$StrTraitMFC_DLL@_WV?$ChTraitsCRT@_W@ATL@@@@@ATL@@@std@@@std@@@std@@@std@@@std@@U_Iterator_base0@2@@std@@QAEAAV01@XZ 1000f7f0 f i Sqlite.obj
 0001:0000e850       ??$_Insert_at@AAU?$pair@$$CBV?$CStringT@_WV?$StrTraitMFC_DLL@_WV?$ChTraitsCRT@_W@ATL@@@@@ATL@@V?$vector@V?$CStringT@_WV?$StrTraitMFC_DLL@_WV?$ChTraitsCRT@_W@ATL@@@@@ATL@@V?$allocator@V?$CStringT@_WV?$StrTraitMFC_DLL@_WV?$ChTraitsCRT@_W@ATL@@@@@ATL@@@std@@@std@@@std@@PAU?$_Tree_node@U?$pair@$$CBV?$CStringT@_WV?$StrTraitMFC_DLL@_WV?$ChTraitsCRT@_W@ATL@@@@@ATL@@V?$vector@V?$CStringT@_WV?$StrTraitMFC_DLL@_WV?$ChTraitsCRT@_W@ATL@@@@@ATL@@V?$allocator@V?$CStringT@_WV?$StrTraitMFC_DLL@_WV?$ChTraitsCRT@_W@ATL@@@@@ATL@@@std@@@std@@@std@@PAX@2@@?$_Tree@V?$_Tmap_traits@V?$CStringT@_WV?$StrTraitMFC_DLL@_WV?$ChTraitsCRT@_W@ATL@@@@@ATL@@V?$vector@V?$CStringT@_WV?$StrTraitMFC_DLL@_WV?$ChTraitsCRT@_W@ATL@@@@@ATL@@V?$allocator@V?$CStringT@_WV?$StrTraitMFC_DLL@_WV?$ChTraitsCRT@_W@ATL@@@@@ATL@@@std@@@std@@U?$less@V?$CStringT@_WV?$StrTraitMFC_DLL@_WV?$ChTraitsCRT@_W@ATL@@@@@ATL@@@4@V?$allocator@U?$pair@$$CBV?$CStringT@_WV?$StrTraitMFC_DLL@_WV?$ChTraitsCRT@_W@ATL@@@@@ATL@@V?$vector@V?$CStringT@_WV?$StrTraitMFC_DLL@_WV?$ChTraitsCRT@_W@ATL@@@@@ATL@@V?$allocator@V?$CStringT@_WV?$StrTraitMFC_DLL@_WV?$ChTraitsCRT@_W@ATL@@@@@ATL@@@std@@@std@@@std@@@4@$0A@@std@@@std@@IAE?AV?$_Tree_iterator@V?$_Tree_val@U?$_Tree_simple_types@U?$pair@$$CBV?$CStringT@_WV?$StrTraitMFC_DLL@_WV?$ChTraitsCRT@_W@ATL@@@@@ATL@@V?$vector@V?$CStringT@_WV?$StrTraitMFC_DLL@_WV?$ChTraitsCRT@_W@ATL@@@@@ATL@@V?$allocator@V?$CStringT@_WV?$StrTraitMFC_DLL@_WV?$ChTraitsCRT@_W@ATL@@@@@ATL@@@std@@@std@@@std@@@std@@@std@@@1@_NPAU?$_Tree_node@U?$pair@$$CBV?$CStringT@_WV?$StrTraitMFC_DLL@_WV?$ChTraitsCRT@_W@ATL@@@@@ATL@@V?$vector@V?$CStringT@_WV?$StrTraitMFC_DLL@_WV?$ChTraitsCRT@_W@ATL@@@@@ATL@@V?$allocator@V?$CStringT@_WV?$StrTraitMFC_DLL@_WV?$ChTraitsCRT@_W@ATL@@@@@ATL@@@std@@@std@@@std@@PAX@1@AAU?$pair@$$CBV?$CStringT@_WV?$StrTraitMFC_DLL@_WV?$ChTraitsCRT@_W@ATL@@@@@ATL@@V?$vector@V?$CStringT@_WV?$StrTraitMFC_DLL@_WV?$ChTraitsCRT@_W@ATL@@@@@ATL@@V?$allocator@V?$CStringT@_WV?$StrTraitMFC_DLL@_WV?$ChTraitsCRT@_W@ATL@@@@@ATL@@@std@@@std@@@1@1@Z 1000f850 f i Sqlite.obj
 0001:0000ea60       ??0SqliteQueryResult@baro@@AAE@PAX@Z 1000fa60 f   SqliteQueryResult.obj
 0001:0000ea70       ?numFields@SqliteQueryResult@baro@@QAEHXZ 1000fa70 f   SqliteQueryResult.obj
 0001:0000eab0       ?fieldIndex@SqliteQueryResult@baro@@QAEHPB_W@Z 1000fab0 f   SqliteQueryResult.obj
 0001:0000eac0       ?fieldName@SqliteQueryResult@baro@@QAEPB_WH@Z 1000fac0 f   SqliteQueryResult.obj
 0001:0000eb40       ?fieldDeclType@SqliteQueryResult@baro@@QAEPB_WH@Z 1000fb40 f   SqliteQueryResult.obj
 0001:0000ebc0       ?fieldDataType@SqliteQueryResult@baro@@QAEHH@Z 1000fbc0 f   SqliteQueryResult.obj
 0001:0000ec40       ?fieldValue@SqliteQueryResult@baro@@QAEPB_WH@Z 1000fc40 f   SqliteQueryResult.obj
 0001:0000ecc0       ?fieldValue@SqliteQueryResult@baro@@QAEPB_WPB_W@Z 1000fcc0 f   SqliteQueryResult.obj
 0001:0000ecf0       ?getIntField@SqliteQueryResult@baro@@QAEHHH@Z 1000fcf0 f   SqliteQueryResult.obj
 0001:0000ed00       ?getIntField@SqliteQueryResult@baro@@QAEHPB_WH@Z 1000fd00 f   SqliteQueryResult.obj
 0001:0000ed20       ?getFloatField@SqliteQueryResult@baro@@QAENHN@Z 1000fd20 f   SqliteQueryResult.obj
 0001:0000ed40       ?getFloatField@SqliteQueryResult@baro@@QAENPB_WN@Z 1000fd40 f   SqliteQueryResult.obj
 0001:0000ed70       ?getStringField@SqliteQueryResult@baro@@QAEPB_WHPB_W@Z 1000fd70 f   SqliteQueryResult.obj
 0001:0000ed80       ?getStringField@SqliteQueryResult@baro@@QAEPB_WPB_W0@Z 1000fd80 f   SqliteQueryResult.obj
 0001:0000eda0       ?getBlobField@SqliteQueryResult@baro@@QAEPBEHAAH@Z 1000fda0 f   SqliteQueryResult.obj
 0001:0000edb0       ?getBlobField@SqliteQueryResult@baro@@QAEPBEPB_WAAH@Z 1000fdb0 f   SqliteQueryResult.obj
 0001:0000edd0       ?fieldIsNull@SqliteQueryResult@baro@@QAE_NH@Z 1000fdd0 f   SqliteQueryResult.obj
 0001:0000ede0       ?fieldIsNull@SqliteQueryResult@baro@@QAE_NPB_W@Z 1000fde0 f   SqliteQueryResult.obj
 0001:0000edf0       ?eof@SqliteQueryResult@baro@@QAE_NXZ 1000fdf0 f   SqliteQueryResult.obj
 0001:0000ee30       ?nextRow@SqliteQueryResult@baro@@QAEXXZ 1000fe30 f   SqliteQueryResult.obj
 0001:0000ee40       ?finalize@SqliteQueryResult@baro@@QAEXXZ 1000fe40 f   SqliteQueryResult.obj
 0001:0000eea0       ?CreateObject@MsgThread@baro@@SGPAVCObject@@XZ 1000fea0 f   MsgThread.obj
 0001:0000ef40       ?_GetBaseClass@MsgThread@baro@@KGPAUCRuntimeClass@@XZ 1000ff40 f   MsgThread.obj
 0001:0000ef50       ?GetRuntimeClass@MsgThread@baro@@UBEPAUCRuntimeClass@@XZ 1000ff50 f   MsgThread.obj
 0001:0000ef60       ??_GMsgThread@baro@@UAEPAXI@Z 1000ff60 f i MsgThread.obj
 0001:0000ef60       ??_EMsgThread@baro@@UAEPAXI@Z 1000ff60 f i * CIL library *:* CIL module *
 0001:0000eff0       ?InitInstance@MsgThread@baro@@UAEHXZ 1000fff0 f   MsgThread.obj
 0001:0000f050       ?ExitInstance@MsgThread@baro@@UAEHXZ 10010050 f   MsgThread.obj
 0001:0000f070       ?GetMessageMap@MsgThread@baro@@MBEPBUAFX_MSGMAP@@XZ 10010070 f   MsgThread.obj
 0001:0000f080       ??0MsgProcedure@helper@baro@@QAE@_N@Z 10010080 f   MsgThread.obj
 0001:0000f0d0       ??1MsgProcedure@helper@baro@@UAE@XZ 100100d0 f   MsgThread.obj
 0001:0000f0f0       ?WndProc@MsgProcedure@helper@baro@@CGJPAUHWND__@@IIJ@Z 100100f0 f   MsgThread.obj
 0001:0000f200       ?AssertValid@MsgProcedure@helper@baro@@CA_NPAV123@PAUHWND__@@@Z 10010200 f   MsgThread.obj
 0001:0000f220       ?CreateInstance@MsgProcedure@helper@baro@@QAE_NH@Z 10010220 f   MsgThread.obj
 0001:0000f380       ?ReleaseInstance@MsgProcedure@helper@baro@@QAEXXZ 10010380 f   MsgThread.obj
 0001:0000f530       ?GetThreadID@MsgProcedure@helper@baro@@QAEKXZ 10010530 f   MsgThread.obj
 0001:0000f550       ?UpdateNetState@MsgProcedure@helper@baro@@QAE_NXZ 10010550 f   MsgThread.obj
 0001:0000f690       ?SendWndMessage@MsgProcedure@helper@baro@@QAEJIIJ@Z 10010690 f   MsgThread.obj
 0001:0000f6c0       ?PostWndMessage@MsgProcedure@helper@baro@@QAEHIIJ@Z 100106c0 f   MsgThread.obj
 0001:0000f6f0       ?PostThreadMessageW@MsgProcedure@helper@baro@@QAEHIIJ@Z 100106f0 f   MsgThread.obj
 0001:0000f720       ??_EMsgProcedure@helper@baro@@UAEPAXI@Z 10010720 f i MsgThread.obj
 0001:0000f790       ??2CObject@@SGPAXI@Z       10010790 f i MsgThread.obj
 0001:0000f7b0       ??0Stream@baro@@QAE@XZ     100107b0 f   Stream.obj
 0001:0000f830       ??0Stream@baro@@QAE@AAVStreamHeader@1@@Z 10010830 f   Stream.obj
 0001:0000f8f0       ??0Stream@baro@@QAE@U_GUID@@MK@Z 100108f0 f   Stream.obj
 0001:0000f9c0       ??1Stream@baro@@UAE@XZ     100109c0 f   Stream.obj
 0001:0000fa60       ?ReadHeader@Stream@baro@@SA?AW4StreamResult@2@ABV?$CStringT@_WV?$StrTraitMFC_DLL@_WV?$ChTraitsCRT@_W@ATL@@@@@ATL@@AAVStreamHeader@2@I@Z 10010a60 f   Stream.obj
 0001:0000fbd0       ?ReadBody@Stream@baro@@SA?AW4StreamResult@2@ABV?$CStringT@_WV?$StrTraitMFC_DLL@_WV?$ChTraitsCRT@_W@ATL@@@@@ATL@@_NAAV?$TBuffer@E@2@I@Z 10010bd0 f   Stream.obj
 0001:0000fdc0       ?ReadBody@Stream@baro@@QAE_NAAV?$CStringT@_WV?$StrTraitMFC_DLL@_WV?$ChTraitsCRT@_W@ATL@@@@@ATL@@@Z 10010dc0 f   Stream.obj
 0001:0000fe40       ?Import@Stream@baro@@QAE_NAAV?$CStringT@_WV?$StrTraitMFC_DLL@_WV?$ChTraitsCRT@_W@ATL@@@@@ATL@@_NAAVStreamHeader@2@@Z 10010e40 f   Stream.obj
 0001:0000fef0       ?Export@Stream@baro@@QAE_NAAV?$CStringT@_WV?$StrTraitMFC_DLL@_WV?$ChTraitsCRT@_W@ATL@@@@@ATL@@_N@Z 10010ef0 f   Stream.obj
 0001:0000ffd0       ?GetFilePath@Stream@baro@@QBE?AV?$CStringT@_WV?$StrTraitMFC_DLL@_WV?$ChTraitsCRT@_W@ATL@@@@@ATL@@XZ 10010fd0 f   Stream.obj
 0001:00010020       ?Encrypt@Stream@baro@@QAE_NABVCryptHandle@2@@Z 10011020 f   Stream.obj
 0001:00010190       ?Encrypt@Stream@baro@@QAE_NV?$shared_ptr@VCryptHandle@baro@@@std@@@Z 10011190 f   Stream.obj
 0001:000102b0       ?Decrypt@Stream@baro@@QAE_NABVCryptHandle@2@@Z 100112b0 f   Stream.obj
 0001:00010420       ?Decrypt@Stream@baro@@QAE_NV?$shared_ptr@VCryptHandle@baro@@@std@@@Z 10011420 f   Stream.obj
[...]
      376    ?ReadBinaryFile@bapi@@YA_NV?$CStringT@_WV?$StrTraitMFC_DLL@_WV?$ChTraitsCRT@_W@ATL@@@@@ATL@@V?$function@$$A6A_NAAVCFile@@@Z@std@@@Z (bool __cdecl bapi::ReadBinaryFile(class ATL::CStringT<wchar_t,class StrTraitMFC_DLL<wchar_t,class ATL::ChTraitsCRT<wchar_t> > >,class std::function<bool __cdecl(class CFile &)>))
      377    ?ReadBody@Stream@baro@@QAE_NAAV?$CStringT@_WV?$StrTraitMFC_DLL@_WV?$ChTraitsCRT@_W@ATL@@@@@ATL@@@Z (public: bool __thiscall baro::Stream::ReadBody(class ATL::CStringT<wchar_t,class StrTraitMFC_DLL<wchar_t,class ATL::ChTraitsCRT<wchar_t> > > &))
      378    ?ReadBody@Stream@baro@@SA?AW4StreamResult@2@ABV?$CStringT@_WV?$StrTraitMFC_DLL@_WV?$ChTraitsCRT@_W@ATL@@@@@ATL@@_NAAV?$TBuffer@E@2@I@Z (public: static enum baro::StreamResult __cdecl baro::Stream::ReadBody(class ATL::CStringT<wchar_t,class StrTraitMFC_DLL<wchar_t,class ATL::ChTraitsCRT<wchar_t> > > const &,bool,class baro::TBuffer<unsigned char> &,unsigned int))
      379    ?ReadHeader@Stream@baro@@SA?AW4StreamResult@2@ABV?$CStringT@_WV?$StrTraitMFC_DLL@_WV?$ChTraitsCRT@_W@ATL@@@@@ATL@@AAVStreamHeader@2@I@Z (public: static enum baro::StreamResult __cdecl baro::Stream::ReadHeader(class ATL::CStringT<wchar_t,class StrTraitMFC_DLL<wchar_t,class ATL::ChTraitsCRT<wchar_t> > > const &,class baro::StreamHeader &,unsigned int))
      380    ?ReadLocalRegistryString@bapi@@YA?AV?$CStringT@_WV?$StrTraitMFC_DLL@_WV?$ChTraitsCRT@_W@ATL@@@@@ATL@@PB_W0V23@@Z (class ATL::CStringT<wchar_t,class StrTraitMFC_DLL<wchar_t,class ATL::ChTraitsCRT<wchar_t> > > __cdecl bapi::ReadLocalRegistryString(wchar_t const *,wchar_t const *,class ATL::CStringT<wchar_t,class StrTraitMFC_DLL<wchar_t,class ATL::ChTraitsCRT<wchar_t> > >))
      381    ?ReadRegistryString@bapi@@YA?AV?$CStringT@_WV?$StrTraitMFC_DLL@_WV?$ChTraitsCRT@_W@ATL@@@@@ATL@@PAUHKEY__@@PB_W1V23@@Z (class ATL::CStringT<wchar_t,class StrTraitMFC_DLL<wchar_t,class ATL::ChTraitsCRT<wchar_t> > > __cdecl bapi::ReadRegistryString(struct HKEY__ *,wchar_t const *,wchar_t const *,class ATL::CStringT<wchar_t,class StrTraitMFC_DLL<wchar_t,class ATL::ChTraitsCRT<wchar_t> > >))
      382    ?ReadStream@ISerialize@baro@@QAE?AW4StreamResult@2@AAVStream@2@_N@Z (public: enum baro::StreamResult __thiscall baro::ISerialize::ReadStream(class baro::Stream &,bool))
      383    ?ReadUserRegistryString@bapi@@YA?AV?$CStringT@_WV?$StrTraitMFC_DLL@_WV?$ChTraitsCRT@_W@ATL@@@@@ATL@@PB_W0V23@@Z (class ATL::CStringT<wchar_t,class StrTraitMFC_DLL<wchar_t,class ATL::ChTraitsCRT<wchar_t> > > __cdecl bapi::ReadUserRegistryString(wchar_t const *,wchar_t const *,class ATL::CStringT<wchar_t,class StrTraitMFC_DLL<wchar_t,class ATL::ChTraitsCRT<wchar_t> > >))
      384    ?RegistryBool@bapi@@YA_N_NPB_W10@Z (bool __cdecl bapi::RegistryBool(bool,wchar_t const *,wchar_t const *,bool))
      385    ?RegistryDword@bapi@@YAK_NPB_W1K@Z (unsigned long __cdecl bapi::RegistryDword(bool,wchar_t const *,wchar_t const *,unsigned long))
      386    ?RegistryFloat@bapi@@YAM_NPB_W1MM@Z (float __cdecl bapi::RegistryFloat(bool,wchar_t const *,wchar_t const *,float,float))
      387    ?RegistryHwnd@bapi@@YAPAUHWND__@@_NPB_W1PAU2@@Z (struct HWND__ * __cdecl bapi::RegistryHwnd(bool,wchar_t const *,wchar_t const *,struct HWND__ *))
      388    ?RegistryString@bapi@@YA?AV?$CStringT@_WV?$StrTraitMFC_DLL@_WV?$ChTraitsCRT@_W@ATL@@@@@ATL@@_NPB_W11@Z (class ATL::CStringT<wchar_t,class StrTraitMFC_DLL<wchar_t,class ATL::ChTraitsCRT<wchar_t> > > __cdecl bapi::RegistryString(bool,wchar_t const *,wchar_t const *,wchar_t const *))
      389    ?Release@A256B64@baro@@AAEXXZ (private: void __thiscall baro::A256B64::Release(void))
      390    ?Release@BitmapDC@baro@@AAEXXZ (private: void __thiscall baro::BitmapDC::Release(void))
      391    ?Release@CryptHandle@baro@@QAEXXZ (public: void __thiscall baro::CryptHandle::Release(void))
      392    ?ReleaseInstance@MsgProcedure@helper@baro@@QAEXXZ (public: void __thiscall baro::helper::MsgProcedure::ReleaseInstance(void))
      393    ?Remove@GradientRect@baro@@QAE_NH@Z (public: bool __thiscall baro::GradientRect::Remove(int))
      394    ?Reset@?$TBuffer@E@baro@@QAEXPBEI@Z (public: void __thiscall baro::TBuffer<unsigned char>::Reset(unsigned char const *,unsigned int))
      395    ?Reset@GradientRect@baro@@QAEXVRect@Gdiplus@@VColor@4@@Z (public: void __thiscall baro::GradientRect::Reset(class Gdiplus::Rect,class Gdiplus::Color))
      396    ?Reset@MonitorInfo@baro@@QAEXPAUtagRECT@@@Z (public: void __thiscall baro::MonitorInfo::Reset(struct tagRECT *))
      397    ?Reset@Performance@baro@@QAEXXZ (public: void __thiscall baro::Performance::Reset(void))
      398    ?Reset@Stream@baro@@QAEXXZ (public: void __thiscall baro::Stream::Reset(void))
      399    ?ResetImage@CustomGraph@baro@@QAEXI_NK@Z (public: void __thiscall baro::CustomGraph::ResetImage(unsigned int,bool,unsigned long))
      400    ?RollbackTransaction@Sqlite@baro@@QAE_NXZ (public: bool __thiscall baro::Sqlite::RollbackTransaction(void))
      401    ?SaveCache@CustomGraph@baro@@QAENV?$CStringT@_WV?$StrTraitMFC_DLL@_WV?$ChTraitsCRT@_W@ATL@@@@@ATL@@W4CustomGraphResource@12@PB_W@Z (public: double __thiscall baro::CustomGraph::SaveCache(class ATL::CStringT<wchar_t,class StrTraitMFC_DLL<wchar_t,class ATL::ChTraitsCRT<wchar_t> > >,enum baro::CustomGraph::CustomGraphResource,wchar_t const *))
      402    ?SaveImageFile@Image@bapi@@YA?AW4Status@Gdiplus@@PAUHBITMAP__@@PB_W1@Z (enum Gdiplus::Status __cdecl bapi::Image::SaveImageFile(struct HBITMAP__ *,wchar_t const *,wchar_t const *))
      403    ?Select@Sqlite@baro@@QAE_NV?$CStringT@_WV?$StrTraitMFC_DLL@_WV?$ChTraitsCRT@_W@ATL@@@@@ATL@@AAV?$map@V?$CStringT@_WV?$StrTraitMFC_DLL@_WV?$ChTraitsCRT@_W@ATL@@@@@ATL@@V?$vector@V?$CStringT@_WV?$StrTraitMFC_DLL@_WV?$ChTraitsCRT@_W@ATL@@@@@ATL@@V?$allocator@V?$CStringT@_WV?$StrTraitMFC_DLL@_WV?$ChTraitsCRT@_W@ATL@@@@@ATL@@@std@@@std@@U?$less@V?$CStringT@_WV?$StrTraitMFC_DLL@_WV?$ChTraitsCRT@_W@ATL@@@@@ATL@@@4@V?$allocator@U?$pair@$$CBV?$CStringT@_WV?$StrTraitMFC_DLL@_WV?$ChTraitsCRT@_W@ATL@@@@@ATL@@V?$vector@V?$CStringT@_WV?$StrTraitMFC_DLL@_WV?$ChTraitsCRT@_W@ATL@@@@@ATL@@V?$allocator@V?$CStringT@_WV?$StrTraitMFC_DLL@_WV?$ChTraitsCRT@_W@ATL@@@@@ATL@@@std@@@std@@@std@@@4@@std@@00@Z (public: bool __thiscall baro::Sqlite::Select(class ATL::CStringT<wchar_t,class StrTraitMFC_DLL<wchar_t,class ATL::ChTraitsCRT<wchar_t> > >,class std::map<class ATL::CStringT<wchar_t,class StrTraitMFC_DLL<wchar_t,class ATL::ChTraitsCRT<wchar_t> > >,class std::vector<class ATL::CStringT<wchar_t,class StrTraitMFC_DLL<wchar_t,class ATL::ChTraitsCRT<wchar_t> > >,class std::allocator<class ATL::CStringT<wchar_t,class StrTraitMFC_DLL<wchar_t,class ATL::ChTraitsCRT<wchar_t> > > > >,struct std::less<class ATL::CStringT<wchar_t,class StrTraitMFC_DLL<wchar_t,class ATL::ChTraitsCRT<wchar_t> > > >,class std::allocator<struct std::pair<class ATL::CStringT<wchar_t,class StrTraitMFC_DLL<wchar_t,class ATL::ChTraitsCRT<wchar_t> > > const ,class std::vector<class ATL::CStringT<wchar_t,class StrTraitMFC_DLL<wchar_t,class ATL::ChTraitsCRT<wchar_t> > >,class std::allocator<class ATL::CStringT<wchar_t,class StrTraitMFC_DLL<wchar_t,class ATL::ChTraitsCRT<wchar_t> > > > > > > > &,class ATL::CStringT<wchar_t,class StrTraitMFC_DLL<wchar_t,class ATL::ChTraitsCRT<wchar_t> > >,class ATL::CStringT<wchar_t,class StrTraitMFC_DLL<wchar_t,class ATL::ChTraitsCRT<wchar_t> > >))
      404    ?SendWndMessage@MsgProcedure@helper@baro@@QAEJIIJ@Z (public: long __thiscall baro::helper::MsgProcedure::SendWndMessage(unsigned int,unsigned int,long))
      405    ?Set@?$TBuffer@E@baro@@QAE_NIE@Z (public: bool __thiscall baro::TBuffer<unsigned char>::Set(unsigned int,unsigned char))
      406    ?SetGraphics@bapi@@YAXPAVGraphics@Gdiplus@@_N1@Z (void __cdecl bapi::SetGraphics(class Gdiplus::Graphics *,bool,bool))
      407    ?SetMainThreadID@logger@baro@@YAXK@Z (void __cdecl baro::logger::SetMainThreadID(unsigned long))
      408    ?SetResult@Stream@baro@@AAE_NW4StreamResult@2@@Z (private: bool __thiscall baro::Stream::SetResult(enum baro::StreamResult))
      409    ?ShowConsole@logger@baro@@YAX_N@Z (void __cdecl baro::logger::ShowConsole(bool))
      410    ?Size@PointCoord@baro@@QAEIXZ (public: unsigned int __thiscall baro::PointCoord::Size(void))
      411    ?StretchBlt@BitmapDC@baro@@QAEHPAVCDC@@HHHHHHHHKH@Z (public: int __thiscall baro::BitmapDC::StretchBlt(class CDC *,int,int,int,int,int,int,int,int,unsigned long,int))
      412    ?StringToBinaryA@bapi@@YA_NPBDAAV?$TBuffer@E@baro@@@Z (bool __cdecl bapi::StringToBinaryA(char const *,class baro::TBuffer<unsigned char> &))
      413    ?StringToBinaryW@bapi@@YA_NPB_WAAV?$TBuffer@E@baro@@@Z (bool __cdecl bapi::StringToBinaryW(wchar_t const *,class baro::TBuffer<unsigned char> &))
      414    ?SystemTimeToJustHourString@bapi@@YA?AV?$CStringT@_WV?$StrTraitMFC_DLL@_WV?$ChTraitsCRT@_W@ATL@@@@@ATL@@ABU_SYSTEMTIME@@@Z (class ATL::CStringT<wchar_t,class StrTraitMFC_DLL<wchar_t,class ATL::ChTraitsCRT<wchar_t> > > __cdecl bapi::SystemTimeToJustHourString(struct _SYSTEMTIME const &))
      415    ?SystemTimeToString2@bapi@@YA?AV?$CStringT@_WV?$StrTraitMFC_DLL@_WV?$ChTraitsCRT@_W@ATL@@@@@ATL@@ABU_SYSTEMTIME@@@Z (class ATL::CStringT<wchar_t,class StrTraitMFC_DLL<wchar_t,class ATL::ChTraitsCRT<wchar_t> > > __cdecl bapi::SystemTimeToString2(struct _SYSTEMTIME const &))
      416    ?SystemTimeToString@bapi@@YA?AV?$CStringT@_WV?$StrTraitMFC_DLL@_WV?$ChTraitsCRT@_W@ATL@@@@@ATL@@ABU_SYSTEMTIME@@@Z (class ATL::CStringT<wchar_t,class StrTraitMFC_DLL<wchar_t,class ATL::ChTraitsCRT<wchar_t> > > __cdecl bapi::SystemTimeToString(struct _SYSTEMTIME const &))
      417    ?SystemTimeToStringEx@bapi@@YA?AV?$CStringT@_WV?$StrTraitMFC_DLL@_WV?$ChTraitsCRT@_W@ATL@@@@@ATL@@ABU_SYSTEMTIME@@_N@Z (class ATL::CStringT<wchar_t,class StrTraitMFC_DLL<wchar_t,class ATL::ChTraitsCRT<wchar_t> > > __cdecl bapi::SystemTimeToStringEx(struct _SYSTEMTIME const &,bool))
      418    ?SystemTimeToVariantTimeMS@bapi@@YANU_SYSTEMTIME@@@Z (double __cdecl bapi::SystemTimeToVariantTimeMS(struct _SYSTEMTIME))
      419    ?SystemtimeToDayString@bapi@@YA?AV?$CStringT@_WV?$StrTraitMFC_DLL@_WV?$ChTraitsCRT@_W@ATL@@@@@ATL@@ABU_SYSTEMTIME@@@Z (class ATL::CStringT<wchar_t,class StrTraitMFC_DLL<wchar_t,class ATL::ChTraitsCRT<wchar_t> > > __cdecl bapi::SystemtimeToDayString(struct _SYSTEMTIME const &))
      420    ?SystemtimeToFullString@bapi@@YA?AV?$CStringT@_WV?$StrTraitMFC_DLL@_WV?$ChTraitsCRT@_W@ATL@@@@@ATL@@ABU_SYSTEMTIME@@@Z (class ATL::CStringT<wchar_t,class StrTraitMFC_DLL<wchar_t,class ATL::ChTraitsCRT<wchar_t> > > __cdecl bapi::SystemtimeToFullString(struct _SYSTEMTIME const &))
      421    ?SystemtimeToMonthString@bapi@@YA?AV?$CStringT@_WV?$StrTraitMFC_DLL@_WV?$ChTraitsCRT@_W@ATL@@@@@ATL@@ABU_SYSTEMTIME@@@Z (class ATL::CStringT<wchar_t,class StrTraitMFC_DLL<wchar_t,class ATL::ChTraitsCRT<wchar_t> > > __cdecl bapi::SystemtimeToMonthString(struct _SYSTEMTIME const &))
      422    ?Trace@logger@baro@@YAXW4TextColor@2@PB_WJ11ZZ (void __cdecl baro::logger::Trace(enum baro::TextColor,wchar_t const *,long,wchar_t const *,wchar_t const *,...))
      423    ?TraceBuffer@logger@baro@@YAXW4TextColor@2@PBEI@Z (void __cdecl baro::logger::TraceBuffer(enum baro::TextColor,unsigned char const *,unsigned int))
      424    ?TraceConstruct@logger@baro@@YAXPB_W_N@Z (void __cdecl baro::logger::TraceConstruct(wchar_t const *,bool))
      425    ?TraceDestruct@logger@baro@@YAXPB_W_N@Z (void __cdecl baro::logger::TraceDestruct(wchar_t const *,bool))
      426    ?Trim@?$TBuffer@E@baro@@QAE_NII@Z (public: bool __thiscall baro::TBuffer<unsigned char>::Trim(unsigned int,unsigned int))
      427    ?UTF8toANSI@CryptBuffer@baro@@QAE_NXZ (public: bool __thiscall baro::CryptBuffer::UTF8toANSI(void))
      428    ?Unlock@CriticalSection@baro@@QAEHXZ (public: int __thiscall baro::CriticalSection::Unlock(void))
      429    ?Update@?$TBuffer@E@baro@@QAEIIPBEI@Z (public: unsigned int __thiscall baro::TBuffer<unsigned char>::Update(unsigned int,unsigned char const *,unsigned int))
      430    ?Update@CryptBuffer@baro@@QAE_NIPBXI@Z (public: bool __thiscall baro::CryptBuffer::Update(unsigned int,void const *,unsigned int))
      431    ?Update@GradientRect@baro@@QAE_NHVColor@Gdiplus@@@Z (public: bool __thiscall baro::GradientRect::Update(int,class Gdiplus::Color))
      432    ?Update@Sqlite@baro@@QAE_NV?$CStringT@_WV?$StrTraitMFC_DLL@_WV?$ChTraitsCRT@_W@ATL@@@@@ATL@@00@Z (public: bool __thiscall baro::Sqlite::Update(class ATL::CStringT<wchar_t,class StrTraitMFC_DLL<wchar_t,class ATL::ChTraitsCRT<wchar_t> > >,class ATL::CStringT<wchar_t,class StrTraitMFC_DLL<wchar_t,class ATL::ChTraitsCRT<wchar_t> > >,class ATL::CStringT<wchar_t,class StrTraitMFC_DLL<wchar_t,class ATL::ChTraitsCRT<wchar_t> > >))
      433    ?UpdateA@CryptBuffer@baro@@QAE_NIPBD@Z (public: bool __thiscall baro::CryptBuffer::UpdateA(unsigned int,char const *))
      434    ?UpdateImage@CustomGraph@baro@@QAEX_NK@Z (public: void __thiscall baro::CustomGraph::UpdateImage(bool,unsigned long))
      435    ?UpdateNetState@MsgProcedure@helper@baro@@QAE_NXZ (public: bool __thiscall baro::helper::MsgProcedure::UpdateNetState(void))
      436    ?UpdateW@CryptBuffer@baro@@QAE_NIPB_W@Z (public: bool __thiscall baro::CryptBuffer::UpdateW(unsigned int,wchar_t const *))
      437    ?VariantTimeToSystemTimeMS@bapi@@YA?AU_SYSTEMTIME@@N@Z (struct _SYSTEMTIME __cdecl bapi::VariantTimeToSystemTimeMS(double))
      438    ?Width@BitmapDC@baro@@QBEIXZ (public: unsigned int __thiscall baro::BitmapDC::Width(void)const )
      439    ?WndProc@MsgProcedure@helper@baro@@CGJPAUHWND__@@IIJ@Z (private: static long __stdcall baro::helper::MsgProcedure::WndProc(struct HWND__ *,unsigned int,unsigned int,long))
      440    ?WriteBinaryFile@bapi@@YA_NV?$CStringT@_WV?$StrTraitMFC_DLL@_WV?$ChTraitsCRT@_W@ATL@@@@@ATL@@_NV?$function@$$A6A_NAAVCFile@@@Z@std@@@Z (bool __cdecl bapi::WriteBinaryFile(class ATL::CStringT<wchar_t,class StrTraitMFC_DLL<wchar_t,class ATL::ChTraitsCRT<wchar_t> > >,bool,class std::function<bool __cdecl(class CFile &)>))
      441    ?WriteStream@ISerialize@baro@@QBE?AW4StreamResult@2@AAVStream@2@_N@Z (public: enum baro::StreamResult __thiscall baro::ISerialize::WriteStream(class baro::Stream &,bool)const )
      442    ?__autoclassinit2@?$TBuffer@E@baro@@QAEXI@Z (public: void __thiscall baro::TBuffer<unsigned char>::__autoclassinit2(unsigned int))
      443    ?__autoclassinit2@?$TSingleton@$$CBVSystemInfo@baro@@@baro@@QAEXI@Z (public: void __thiscall baro::TSingleton<class baro::SystemInfo const >::__autoclassinit2(unsigned int))
      444    ?__autoclassinit2@AutoLock@baro@@QAEXI@Z (public: void __thiscall baro::AutoLock::__autoclassinit2(unsigned int))
      445    ?__autoclassinit2@BitmapDC@baro@@QAEXI@Z (public: void __thiscall baro::BitmapDC::__autoclassinit2(unsigned int))
      446    ?__autoclassinit2@CheckPointer@baro@@QAEXI@Z (public: void __thiscall baro::CheckPointer::__autoclassinit2(unsigned int))
      447    ?__autoclassinit2@CriticalSection@baro@@QAEXI@Z (public: void __thiscall baro::CriticalSection::__autoclassinit2(unsigned int))
      448    ?__autoclassinit2@CryptBuffer@baro@@QAEXI@Z (public: void __thiscall baro::CryptBuffer::__autoclassinit2(unsigned int))
      449    ?__autoclassinit2@CustomGraph@baro@@QAEXI@Z (public: void __thiscall baro::CustomGraph::__autoclassinit2(unsigned int))
      450    ?__autoclassinit2@GradientRect@baro@@QAEXI@Z (public: void __thiscall baro::GradientRect::__autoclassinit2(unsigned int))
      451    ?__autoclassinit2@ISerialize@baro@@QAEXI@Z (public: void __thiscall baro::ISerialize::__autoclassinit2(unsigned int))
      452    ?__autoclassinit2@MonitorInfo@baro@@QAEXI@Z (public: void __thiscall baro::MonitorInfo::__autoclassinit2(unsigned int))
      453    ?__autoclassinit2@MsgProcedure@helper@baro@@QAEXI@Z (public: void __thiscall baro::helper::MsgProcedure::__autoclassinit2(unsigned int))
      454    ?__autoclassinit2@PointCoord@baro@@QAEXI@Z (public: void __thiscall baro::PointCoord::__autoclassinit2(unsigned int))
      455    ?__autoclassinit2@Sqlite@baro@@QAEXI@Z (public: void __thiscall baro::Sqlite::__autoclassinit2(unsigned int))
      456    ?__autoclassinit2@SqliteQueryResult@baro@@QAEXI@Z (public: void __thiscall baro::SqliteQueryResult::__autoclassinit2(unsigned int))
      457    ?__autoclassinit2@Stream@baro@@QAEXI@Z (public: void __thiscall baro::Stream::__autoclassinit2(unsigned int))
      458    ?__autoclassinit2@SystemInfo@baro@@QAEXI@Z (public: void __thiscall baro::SystemInfo::__autoclassinit2(unsigned int))
      459    ?eof@SqliteQueryResult@baro@@QAE_NXZ (public: bool __thiscall baro::SqliteQueryResult::eof(void))
      460    ?fieldDataType@SqliteQueryResult@baro@@QAEHH@Z (public: int __thiscall baro::SqliteQueryResult::fieldDataType(int))
      461    ?fieldDeclType@SqliteQueryResult@baro@@QAEPB_WH@Z (public: wchar_t const * __thiscall baro::SqliteQueryResult::fieldDeclType(int))
      462    ?fieldIndex@SqliteQueryResult@baro@@QAEHPB_W@Z (public: int __thiscall baro::SqliteQueryResult::fieldIndex(wchar_t const *))
      463    ?fieldIsNull@SqliteQueryResult@baro@@QAE_NH@Z (public: bool __thiscall baro::SqliteQueryResult::fieldIsNull(int))
      464    ?fieldIsNull@SqliteQueryResult@baro@@QAE_NPB_W@Z (public: bool __thiscall baro::SqliteQueryResult::fieldIsNull(wchar_t const *))
      465    ?fieldName@SqliteQueryResult@baro@@QAEPB_WH@Z (public: wchar_t const * __thiscall baro::SqliteQueryResult::fieldName(int))
      466    ?fieldValue@SqliteQueryResult@baro@@QAEPB_WH@Z (public: wchar_t const * __thiscall baro::SqliteQueryResult::fieldValue(int))
      467    ?fieldValue@SqliteQueryResult@baro@@QAEPB_WPB_W@Z (public: wchar_t const * __thiscall baro::SqliteQueryResult::fieldValue(wchar_t const *))
      468    ?finalize@SqliteQueryResult@baro@@QAEXXZ (public: void __thiscall baro::SqliteQueryResult::finalize(void))
      469    ?getBlobField@SqliteQueryResult@baro@@QAEPBEHAAH@Z (public: unsigned char const * __thiscall baro::SqliteQueryResult::getBlobField(int,int &))
      470    ?getBlobField@SqliteQueryResult@baro@@QAEPBEPB_WAAH@Z (public: unsigned char const * __thiscall baro::SqliteQueryResult::getBlobField(wchar_t const *,int &))
      471    ?getFloatField@SqliteQueryResult@baro@@QAENHN@Z (public: double __thiscall baro::SqliteQueryResult::getFloatField(int,double))
      472    ?getFloatField@SqliteQueryResult@baro@@QAENPB_WN@Z (public: double __thiscall baro::SqliteQueryResult::getFloatField(wchar_t const *,double))
      473    ?getIntField@SqliteQueryResult@baro@@QAEHHH@Z (public: int __thiscall baro::SqliteQueryResult::getIntField(int,int))
      474    ?getIntField@SqliteQueryResult@baro@@QAEHPB_WH@Z (public: int __thiscall baro::SqliteQueryResult::getIntField(wchar_t const *,int))
      475    ?getStringField@SqliteQueryResult@baro@@QAEPB_WHPB_W@Z (public: wchar_t const * __thiscall baro::SqliteQueryResult::getStringField(int,wchar_t const *))
      476    ?getStringField@SqliteQueryResult@baro@@QAEPB_WPB_W0@Z (public: wchar_t const * __thiscall baro::SqliteQueryResult::getStringField(wchar_t const *,wchar_t const *))
      477    ?instance@?1??GetInstance@?$TSingleton@$$CBVSystemInfo@baro@@@baro@@SAABVSystemInfo@3@XZ@4V43@B (class baro::SystemInfo const `public: static class baro::SystemInfo const & __cdecl baro::TSingleton<class baro::SystemInfo const >::GetInstance(void)'::`2'::instance)
      478    ?nextRow@SqliteQueryResult@baro@@QAEXXZ (public: void __thiscall baro::SqliteQueryResult::nextRow(void))
      479    ?numFields@SqliteQueryResult@baro@@QAEHXZ (public: int __thiscall baro::SqliteQueryResult::numFields(void))
      480    ?s_DefaultGuid@ISerialize@baro@@2U_GUID@@B (public: static struct _GUID const baro::ISerialize::s_DefaultGuid)
